Component: ARM Compiler 5.06 update 3 (build 300) Tool: armlink [4d35c9]

==============================================================================

Section Cross References

    stm32f0xx_hal.o(i.HAL_DeInit) refers to stm32f0xx_hal.o(i.HAL_MspDeInit) for HAL_MspDeInit
    stm32f0xx_hal.o(i.HAL_Delay) refers to stm32f0xx_hal.o(i.HAL_GetTick) for HAL_GetTick
    stm32f0xx_hal.o(i.HAL_GetTick) refers to stm32f0xx_hal.o(.data) for .data
    stm32f0xx_hal.o(i.HAL_IncTick) refers to stm32f0xx_hal.o(.data) for .data
    stm32f0xx_hal.o(i.HAL_Init) refers to stm32f0xx_hal.o(i.HAL_InitTick) for HAL_InitTick
    stm32f0xx_hal.o(i.HAL_Init) refers to stm32f0xx_hal_msp.o(i.HAL_MspInit) for HAL_MspInit
    stm32f0xx_hal.o(i.HAL_InitTick) refers to stm32f0xx_hal_rcc.o(i.HAL_RCC_GetHCLKFreq) for HAL_RCC_GetHCLKFreq
    stm32f0xx_hal.o(i.HAL_InitTick) refers to uidiv.o(.text) for __aeabi_uidivmod
    stm32f0xx_hal.o(i.HAL_InitTick) refers to stm32f0xx_hal_cortex.o(i.HAL_SYSTICK_Config) for HAL_SYSTICK_Config
    stm32f0xx_hal.o(i.HAL_InitTick) refers to stm32f0xx_hal_cortex.o(i.HAL_NVIC_SetPriority) for HAL_NVIC_SetPriority
    stm32f0xx_hal_flash.o(i.FLASH_Program_HalfWord) refers to stm32f0xx_hal_flash.o(.bss) for .bss
    stm32f0xx_hal_flash.o(i.FLASH_SetErrorCode) refers to stm32f0xx_hal_flash.o(.bss) for .bss
    stm32f0xx_hal_flash.o(i.FLASH_WaitForLastOperation) refers to stm32f0xx_hal.o(i.HAL_GetTick) for HAL_GetTick
    stm32f0xx_hal_flash.o(i.FLASH_WaitForLastOperation) refers to stm32f0xx_hal_flash.o(i.FLASH_SetErrorCode) for FLASH_SetErrorCode
    stm32f0xx_hal_flash.o(i.HAL_FLASH_GetError) refers to stm32f0xx_hal_flash.o(.bss) for .bss
    stm32f0xx_hal_flash.o(i.HAL_FLASH_IRQHandler) refers to stm32f0xx_hal_flash.o(i.FLASH_SetErrorCode) for FLASH_SetErrorCode
    stm32f0xx_hal_flash.o(i.HAL_FLASH_IRQHandler) refers to stm32f0xx_hal_flash.o(i.HAL_FLASH_OperationErrorCallback) for HAL_FLASH_OperationErrorCallback
    stm32f0xx_hal_flash.o(i.HAL_FLASH_IRQHandler) refers to stm32f0xx_hal_flash.o(i.FLASH_Program_HalfWord) for FLASH_Program_HalfWord
    stm32f0xx_hal_flash.o(i.HAL_FLASH_IRQHandler) refers to stm32f0xx_hal_flash.o(i.HAL_FLASH_EndOfOperationCallback) for HAL_FLASH_EndOfOperationCallback
    stm32f0xx_hal_flash.o(i.HAL_FLASH_IRQHandler) refers to stm32f0xx_hal_flash_ex.o(i.FLASH_PageErase) for FLASH_PageErase
    stm32f0xx_hal_flash.o(i.HAL_FLASH_IRQHandler) refers to stm32f0xx_hal_flash.o(.bss) for .bss
    stm32f0xx_hal_flash.o(i.HAL_FLASH_OB_Launch) refers to stm32f0xx_hal_flash.o(i.FLASH_WaitForLastOperation) for FLASH_WaitForLastOperation
    stm32f0xx_hal_flash.o(i.HAL_FLASH_Program) refers to stm32f0xx_hal_flash.o(i.FLASH_WaitForLastOperation) for FLASH_WaitForLastOperation
    stm32f0xx_hal_flash.o(i.HAL_FLASH_Program) refers to llushr.o(.text) for __aeabi_llsr
    stm32f0xx_hal_flash.o(i.HAL_FLASH_Program) refers to stm32f0xx_hal_flash.o(i.FLASH_Program_HalfWord) for FLASH_Program_HalfWord
    stm32f0xx_hal_flash.o(i.HAL_FLASH_Program) refers to stm32f0xx_hal_flash.o(.bss) for .bss
    stm32f0xx_hal_flash.o(i.HAL_FLASH_Program_IT) refers to stm32f0xx_hal_flash.o(i.FLASH_Program_HalfWord) for FLASH_Program_HalfWord
    stm32f0xx_hal_flash.o(i.HAL_FLASH_Program_IT) refers to stm32f0xx_hal_flash.o(.bss) for .bss
    stm32f0xx_hal_adc.o(i.ADC_ConversionStop) refers to stm32f0xx_hal.o(i.HAL_GetTick) for HAL_GetTick
    stm32f0xx_hal_adc.o(i.ADC_DMAConvCplt) refers to stm32f0xx_hal_adc.o(i.HAL_ADC_ConvCpltCallback) for HAL_ADC_ConvCpltCallback
    stm32f0xx_hal_adc.o(i.ADC_DMAError) refers to stm32f0xx_hal_adc.o(i.HAL_ADC_ErrorCallback) for HAL_ADC_ErrorCallback
    stm32f0xx_hal_adc.o(i.ADC_DMAHalfConvCplt) refers to stm32f0xx_hal_adc.o(i.HAL_ADC_ConvHalfCpltCallback) for HAL_ADC_ConvHalfCpltCallback
    stm32f0xx_hal_adc.o(i.ADC_Disable) refers to stm32f0xx_hal.o(i.HAL_GetTick) for HAL_GetTick
    stm32f0xx_hal_adc.o(i.ADC_Enable) refers to uidiv.o(.text) for __aeabi_uidivmod
    stm32f0xx_hal_adc.o(i.ADC_Enable) refers to stm32f0xx_hal.o(i.HAL_GetTick) for HAL_GetTick
    stm32f0xx_hal_adc.o(i.ADC_Enable) refers to system_stm32f0xx.o(.data) for SystemCoreClock
    stm32f0xx_hal_adc.o(i.HAL_ADC_ConfigChannel) refers to uidiv.o(.text) for __aeabi_uidivmod
    stm32f0xx_hal_adc.o(i.HAL_ADC_ConfigChannel) refers to system_stm32f0xx.o(.data) for SystemCoreClock
    stm32f0xx_hal_adc.o(i.HAL_ADC_DeInit) refers to stm32f0xx_hal_adc.o(i.ADC_ConversionStop) for ADC_ConversionStop
    stm32f0xx_hal_adc.o(i.HAL_ADC_DeInit) refers to adc.o(i.HAL_ADC_MspDeInit) for HAL_ADC_MspDeInit
    stm32f0xx_hal_adc.o(i.HAL_ADC_DeInit) refers to stm32f0xx_hal_adc.o(i.ADC_Disable) for ADC_Disable
    stm32f0xx_hal_adc.o(i.HAL_ADC_IRQHandler) refers to stm32f0xx_hal_adc.o(i.HAL_ADC_ConvCpltCallback) for HAL_ADC_ConvCpltCallback
    stm32f0xx_hal_adc.o(i.HAL_ADC_IRQHandler) refers to stm32f0xx_hal_adc.o(i.HAL_ADC_LevelOutOfWindowCallback) for HAL_ADC_LevelOutOfWindowCallback
[...]
    stm32f0xx_hal_cortex.o(i.HAL_SYSTICK_IRQHandler) refers to msg_task.o(i.HAL_SYSTICK_Callback) for HAL_SYSTICK_Callback
    stm32f0xx_hal_rcc.o(i.HAL_RCC_ClockConfig) refers to stm32f0xx_hal.o(i.HAL_GetTick) for HAL_GetTick
    stm32f0xx_hal_rcc.o(i.HAL_RCC_ClockConfig) refers to stm32f0xx_hal_rcc.o(i.HAL_RCC_GetSysClockFreq) for HAL_RCC_GetSysClockFreq
    stm32f0xx_hal_rcc.o(i.HAL_RCC_ClockConfig) refers to stm32f0xx_hal.o(i.HAL_InitTick) for HAL_InitTick
    stm32f0xx_hal_rcc.o(i.HAL_RCC_ClockConfig) refers to system_stm32f0xx.o(.constdata) for AHBPrescTable
    stm32f0xx_hal_rcc.o(i.HAL_RCC_ClockConfig) refers to system_stm32f0xx.o(.data) for SystemCoreClock
    stm32f0xx_hal_rcc.o(i.HAL_RCC_DeInit) refers to system_stm32f0xx.o(.data) for SystemCoreClock
    stm32f0xx_hal_rcc.o(i.HAL_RCC_GetHCLKFreq) refers to system_stm32f0xx.o(.data) for SystemCoreClock
    stm32f0xx_hal_rcc.o(i.HAL_RCC_GetPCLK1Freq) refers to system_stm32f0xx.o(.data) for SystemCoreClock
    stm32f0xx_hal_rcc.o(i.HAL_RCC_GetPCLK1Freq) refers to system_stm32f0xx.o(.constdata) for APBPrescTable
    stm32f0xx_hal_rcc.o(i.HAL_RCC_GetSysClockFreq) refers to uidiv.o(.text) for __aeabi_uidivmod
    stm32f0xx_hal_rcc.o(i.HAL_RCC_MCOConfig) refers to memseta.o(.text) for __aeabi_memclr4
    stm32f0xx_hal_rcc.o(i.HAL_RCC_MCOConfig) refers to stm32f0xx_hal_gpio.o(i.HAL_GPIO_Init) for HAL_GPIO_Init
    stm32f0xx_hal_rcc.o(i.HAL_RCC_NMI_IRQHandler) refers to stm32f0xx_hal_rcc.o(i.HAL_RCC_CSSCallback) for HAL_RCC_CSSCallback
    stm32f0xx_hal_rcc.o(i.HAL_RCC_OscConfig) refers to stm32f0xx_hal.o(i.HAL_GetTick) for HAL_GetTick
    stm32f0xx_hal_rcc_ex.o(i.HAL_RCCEx_GetPeriphCLKFreq) refers to stm32f0xx_hal_rcc.o(i.HAL_RCC_GetPCLK1Freq) for HAL_RCC_GetPCLK1Freq
    stm32f0xx_hal_rcc_ex.o(i.HAL_RCCEx_GetPeriphCLKFreq) refers to stm32f0xx_hal_rcc.o(i.HAL_RCC_GetSysClockFreq) for HAL_RCC_GetSysClockFreq
    stm32f0xx_hal_rcc_ex.o(i.HAL_RCCEx_PeriphCLKConfig) refers to stm32f0xx_hal.o(i.HAL_GetTick) for HAL_GetTick
    stm32f0xx_hal_dma.o(i.HAL_DMA_Abort) refers to stm32f0xx_hal.o(i.HAL_GetTick) for HAL_GetTick
    stm32f0xx_hal_dma.o(i.HAL_DMA_PollForTransfer) refers to stm32f0xx_hal.o(i.HAL_GetTick) for HAL_GetTick
    stm32f0xx_hal_dma.o(i.HAL_DMA_Start) refers to stm32f0xx_hal_dma.o(i.DMA_SetConfig) for DMA_SetConfig
    stm32f0xx_hal_dma.o(i.HAL_DMA_Start_IT) refers to stm32f0xx_hal_dma.o(i.DMA_SetConfig) for DMA_SetConfig
    stm32f0xx_hal_flash_ex.o(i.FLASH_MassErase) refers to stm32f0xx_hal_flash.o(.bss) for pFlash
    stm32f0xx_hal_flash_ex.o(i.FLASH_OB_DisableWRP) refers to stm32f0xx_hal_flash.o(i.FLASH_WaitForLastOperation) for FLASH_WaitForLastOperation
    stm32f0xx_hal_flash_ex.o(i.FLASH_OB_DisableWRP) refers to stm32f0xx_hal_flash_ex.o(i.HAL_FLASHEx_OBErase) for HAL_FLASHEx_OBErase
    stm32f0xx_hal_flash_ex.o(i.FLASH_OB_DisableWRP) refers to stm32f0xx_hal_flash.o(.bss) for pFlash
    stm32f0xx_hal_flash_ex.o(i.FLASH_OB_EnableWRP) refers to stm32f0xx_hal_flash.o(i.FLASH_WaitForLastOperation) for FLASH_WaitForLastOperation
    stm32f0xx_hal_flash_ex.o(i.FLASH_OB_EnableWRP) refers to stm32f0xx_hal_flash_ex.o(i.HAL_FLASHEx_OBErase) for HAL_FLASHEx_OBErase
    stm32f0xx_hal_flash_ex.o(i.FLASH_OB_EnableWRP) refers to stm32f0xx_hal_flash.o(.bss) for pFlash
    stm32f0xx_hal_flash_ex.o(i.FLASH_OB_RDP_LevelConfig) refers to stm32f0xx_hal_flash.o(i.FLASH_WaitForLastOperation) for FLASH_WaitForLastOperation
    stm32f0xx_hal_flash_ex.o(i.FLASH_OB_RDP_LevelConfig) refers to stm32f0xx_hal_flash.o(.bss) for pFlash
    stm32f0xx_hal_flash_ex.o(i.FLASH_PageErase) refers to stm32f0xx_hal_flash.o(.bss) for pFlash
    stm32f0xx_hal_flash_ex.o(i.HAL_FLASHEx_Erase) refers to stm32f0xx_hal_flash.o(i.FLASH_WaitForLastOperation) for FLASH_WaitForLastOperation
    stm32f0xx_hal_flash_ex.o(i.HAL_FLASHEx_Erase) refers to stm32f0xx_hal_flash_ex.o(i.FLASH_MassErase) for FLASH_MassErase
    stm32f0xx_hal_flash_ex.o(i.HAL_FLASHEx_Erase) refers to stm32f0xx_hal_flash_ex.o(i.FLASH_PageErase) for FLASH_PageErase
    stm32f0xx_hal_flash_ex.o(i.HAL_FLASHEx_Erase) refers to stm32f0xx_hal_flash.o(.bss) for pFlash
    stm32f0xx_hal_flash_ex.o(i.HAL_FLASHEx_Erase_IT) refers to stm32f0xx_hal_flash_ex.o(i.FLASH_PageErase) for FLASH_PageErase
    stm32f0xx_hal_flash_ex.o(i.HAL_FLASHEx_Erase_IT) refers to stm32f0xx_hal_flash_ex.o(i.FLASH_MassErase) for FLASH_MassErase
    stm32f0xx_hal_flash_ex.o(i.HAL_FLASHEx_Erase_IT) refers to stm32f0xx_hal_flash.o(.bss) for pFlash
    stm32f0xx_hal_flash_ex.o(i.HAL_FLASHEx_OBErase) refers to stm32f0xx_hal_flash_ex.o(i.FLASH_OB_GetRDP) for FLASH_OB_GetRDP
    stm32f0xx_hal_flash_ex.o(i.HAL_FLASHEx_OBErase) refers to stm32f0xx_hal_flash.o(i.FLASH_WaitForLastOperation) for FLASH_WaitForLastOperation
    stm32f0xx_hal_flash_ex.o(i.HAL_FLASHEx_OBErase) refers to stm32f0xx_hal_flash_ex.o(i.FLASH_OB_RDP_LevelConfig) for FLASH_OB_RDP_LevelConfig
    stm32f0xx_hal_flash_ex.o(i.HAL_FLASHEx_OBErase) refers to stm32f0xx_hal_flash.o(.bss) for pFlash
    stm32f0xx_hal_flash_ex.o(i.HAL_FLASHEx_OBGetConfig) refers to stm32f0xx_hal_flash_ex.o(i.FLASH_OB_GetRDP) for FLASH_OB_GetRDP
    stm32f0xx_hal_flash_ex.o(i.HAL_FLASHEx_OBProgram) refers to stm32f0xx_hal_flash_ex.o(i.FLASH_OB_DisableWRP) for FLASH_OB_DisableWRP
    stm32f0xx_hal_flash_ex.o(i.HAL_FLASHEx_OBProgram) refers to stm32f0xx_hal_flash_ex.o(i.FLASH_OB_EnableWRP) for FLASH_OB_EnableWRP
    stm32f0xx_hal_flash_ex.o(i.HAL_FLASHEx_OBProgram) refers to stm32f0xx_hal_flash_ex.o(i.FLASH_OB_RDP_LevelConfig) for FLASH_OB_RDP_LevelConfig
    stm32f0xx_hal_flash_ex.o(i.HAL_FLASHEx_OBProgram) refers to stm32f0xx_hal_flash.o(i.FLASH_WaitForLastOperation) for FLASH_WaitForLastOperation
    stm32f0xx_hal_flash_ex.o(i.HAL_FLASHEx_OBProgram) refers to stm32f0xx_hal_flash.o(.bss) for pFlash
    main.o(i.SystemClock_Config) refers to stm32f0xx_hal_rcc.o(i.HAL_RCC_OscConfig) for HAL_RCC_OscConfig
    main.o(i.SystemClock_Config) refers to stm32f0xx_hal_rcc.o(i.HAL_RCC_ClockConfig) for HAL_RCC_ClockConfig
    main.o(i.SystemClock_Config) refers to stm32f0xx_hal_rcc.o(i.HAL_RCC_GetHCLKFreq) for HAL_RCC_GetHCLKFreq
    main.o(i.SystemClock_Config) refers to uidiv.o(.text) for __aeabi_uidivmod
    main.o(i.SystemClock_Config) refers to stm32f0xx_hal_cortex.o(i.HAL_SYSTICK_Config) for HAL_SYSTICK_Config
    main.o(i.SystemClock_Config) refers to stm32f0xx_hal_cortex.o(i.HAL_SYSTICK_CLKSourceConfig) for HAL_SYSTICK_CLKSourceConfig
    main.o(i.SystemClock_Config) refers to stm32f0xx_hal_cortex.o(i.HAL_NVIC_SetPriority) for HAL_NVIC_SetPriority
    main.o(i.main) refers to stm32f0xx_hal.o(i.HAL_Init) for HAL_Init
    main.o(i.main) refers to main.o(i.SystemClock_Config) for SystemClock_Config
    main.o(i.main) refers to gpio.o(i.MX_GPIO_Init) for MX_GPIO_Init
    main.o(i.main) refers to adc.o(i.MX_ADC_Init) for MX_ADC_Init
    main.o(i.main) refers to tm1650.o(i.Tm1650_2_init) for Tm1650_2_init
    main.o(i.main) refers to button.o(i.Button_set_init) for Button_set_init
    main.o(i.main) refers to button.o(i.Button_up_init) for Button_up_init
    main.o(i.main) refers to button.o(i.Button_down_init) for Button_down_init
    main.o(i.main) refers to hotter.o(i.Hotter1321_init) for Hotter1321_init
    main.o(i.main) refers to msg_task.o(i.TaskSystickInit) for TaskSystickInit
    main.o(i.main) refers to flash.o(i.FlshPara_Init) for FlshPara_Init
    main.o(i.main) refers to stm32f0xx_hal_gpio.o(i.HAL_GPIO_ReadPin) for HAL_GPIO_ReadPin
    main.o(i.main) refers to stm32f0xx_hal.o(i.HAL_Delay) for HAL_Delay
    main.o(i.main) refers to msg_task.o(i.TaskProcess) for TaskProcess
    main.o(i.main) refers to hotter.o(.bss) for hotter1321
    main.o(i.main) refers to main.o(.data) for .data
    main.o(i.main) refers to hotterctrl.o(.bss) for solder1321
    main.o(i.main) refers to msg_task.o(.data) for task_systick
    stm32f0xx_it.o(i.SysTick_Handler) refers to stm32f0xx_hal.o(i.HAL_IncTick) for HAL_IncTick
    stm32f0xx_it.o(i.SysTick_Handler) refers to stm32f0xx_hal_cortex.o(i.HAL_SYSTICK_IRQHandler) for HAL_SYSTICK_IRQHandler
    stm32f0xx_hal_msp.o(i.HAL_MspInit) refers to stm32f0xx_hal_cortex.o(i.HAL_NVIC_SetPriority) for HAL_NVIC_SetPriority
    gpio.o(i.MX_GPIO_Init) refers to stm32f0xx_hal_gpio.o(i.HAL_GPIO_WritePin) for HAL_GPIO_WritePin
    gpio.o(i.MX_GPIO_Init) refers to stm32f0xx_hal_gpio.o(i.HAL_GPIO_Init) for HAL_GPIO_Init
    adc.o(i.HAL_ADC_MspDeInit) refers to stm32f0xx_hal_gpio.o(i.HAL_GPIO_DeInit) for HAL_GPIO_DeInit
    adc.o(i.HAL_ADC_MspInit) refers to stm32f0xx_hal_gpio.o(i.HAL_GPIO_Init) for HAL_GPIO_Init
    adc.o(i.MX_ADC_Init) refers to stm32f0xx_hal_adc.o(i.HAL_ADC_Init) for HAL_ADC_Init
    adc.o(i.MX_ADC_Init) refers to main.o(i.Error_Handler) for Error_Handler
    adc.o(i.MX_ADC_Init) refers to stm32f0xx_hal_adc.o(i.HAL_ADC_ConfigChannel) for HAL_ADC_ConfigChannel
    adc.o(i.MX_ADC_Init) refers to adc.o(.bss) for .bss
    startup_stm32f030x8.o(RESET) refers to startup_stm32f030x8.o(STACK) for __initial_sp
    startup_stm32f030x8.o(RESET) refers to startup_stm32f030x8.o(.text) for Reset_Handler
    startup_stm32f030x8.o(RESET) refers to stm32f0xx_it.o(i.NMI_Handler) for NMI_Handler
    startup_stm32f030x8.o(RESET) refers to stm32f0xx_it.o(i.HardFault_Handler) for HardFault_Handler
    startup_stm32f030x8.o(RESET) refers to stm32f0xx_it.o(i.SVC_Handler) for SVC_Handler
    startup_stm32f030x8.o(RESET) refers to stm32f0xx_it.o(i.PendSV_Handler) for PendSV_Handler
    startup_stm32f030x8.o(RESET) refers to stm32f0xx_it.o(i.SysTick_Handler) for SysTick_Handler
    startup_stm32f030x8.o(.text) refers to system_stm32f0xx.o(i.SystemInit) for SystemInit
    startup_stm32f030x8.o(.text) refers to entry.o(.ARM.Collect$$$$00000000) for __main
    system_stm32f0xx.o(i.SystemCoreClockUpdate) refers to uidiv.o(.text) for __aeabi_uidivmod
    system_stm32f0xx.o(i.SystemCoreClockUpdate) refers to system_stm32f0xx.o(.data) for .data
    system_stm32f0xx.o(i.SystemCoreClockUpdate) refers to system_stm32f0xx.o(.constdata) for .constdata
    button.o(i.BUTTON_scan) refers to stm32f0xx_hal_gpio.o(i.HAL_GPIO_ReadPin) for HAL_GPIO_ReadPin
    button.o(i.Button_down_ISR) refers to button.o(i.BUTTON_scan) for BUTTON_scan
    button.o(i.Button_down_ISR) refers to button.o(.bss) for .bss
    button.o(i.Button_down_init) refers to button.o(.bss) for .bss
    button.o(i.Button_set_ISR) refers to button.o(i.BUTTON_scan) for BUTTON_scan
    button.o(i.Button_set_ISR) refers to button.o(.bss) for .bss
    button.o(i.Button_set_init) refers to button.o(.bss) for .bss
    button.o(i.Button_up_ISR) refers to button.o(i.BUTTON_scan) for BUTTON_scan
    button.o(i.Button_up_ISR) refers to button.o(.bss) for .bss
    button.o(i.Button_up_init) refers to button.o(.bss) for .bss
    hotter.o(i.Heat_hotter1321) refers to stm32f0xx_hal_gpio.o(i.HAL_GPIO_WritePin) for HAL_GPIO_WritePin
    hotter.o(i.Heat_hotter1321) refers to hotter.o(.bss) for .bss
    hotter.o(i.Hotter1321RealTemp_ISR) refers to hotter.o(i.HotterRealTemp_ISR) for HotterRealTemp_ISR
    hotter.o(i.Hotter1321RealTemp_ISR) refers to hotter.o(.bss) for .bss
    hotter.o(i.Hotter1321_init) refers to hotter.o(.bss) for .bss
    hotter.o(i.HotterRealTemp_ISR) refers to fflti.o(.text) for __aeabi_i2f
    hotter.o(i.HotterRealTemp_ISR) refers to ffltui.o(.text) for __aeabi_ui2f
    hotter.o(i.HotterRealTemp_ISR) refers to fmul.o(.text) for __aeabi_fmul
    hotter.o(i.HotterRealTemp_ISR) refers to fadd.o(.text) for __aeabi_fadd
    hotter.o(i.HotterRealTemp_ISR) refers to ffixi.o(.text) for __aeabi_f2iz
    tm1650.o(i.FD650_START) refers to stm32f0xx_hal_gpio.o(i.HAL_GPIO_WritePin) for HAL_GPIO_WritePin
    tm1650.o(i.FD650_STOP) refers to stm32f0xx_hal_gpio.o(i.HAL_GPIO_WritePin) for HAL_GPIO_WritePin
    tm1650.o(i.FD650_send) refers to tm1650.o(i.FD650_START) for FD650_START
    tm1650.o(i.FD650_send) refers to tm1650.o(i.FD650_write) for FD650_write
    tm1650.o(i.FD650_send) refers to tm1650.o(i.FD650_STOP) for FD650_STOP
    tm1650.o(i.FD650_write) refers to stm32f0xx_hal_gpio.o(i.HAL_GPIO_WritePin) for HAL_GPIO_WritePin
    tm1650.o(i.Tm1650_2_init) refers to tm1650.o(i.FD650_send) for FD650_send
    tm1650.o(i.Tm1650_2_init) refers to tm1650.o(.bss) for .bss
    tm1650.o(i.Tm1650_2_show_ISR) refers to tm1650.o(i.Tm1650_show_ISR) for Tm1650_show_ISR
    tm1650.o(i.Tm1650_2_show_ISR) refers to tm1650.o(.bss) for .bss
    tm1650.o(i.Tm1650_show_ISR) refers to idiv.o(.text) for __aeabi_idivmod
    tm1650.o(i.Tm1650_show_ISR) refers to dflti.o(.text) for __aeabi_i2d
    tm1650.o(i.Tm1650_show_ISR) refers to dfixui.o(.text) for __aeabi_d2uiz
    tm1650.o(i.Tm1650_show_ISR) refers to uidiv.o(.text) for __aeabi_uidivmod
    tm1650.o(i.Tm1650_show_ISR) refers to tm1650.o(i.FD650_send) for FD650_send
    tm1650.o(i.Tm1650_show_ISR) refers to tm1650.o(.constdata) for .constdata
    hotterctrl.o(i.Solder1321Ctrl) refers to hotterctrl.o(i.TempCtrl) for TempCtrl
    hotterctrl.o(i.Solder1321Ctrl) refers to hotterctrl.o(.bss) for .bss
    hotterctrl.o(i.Solder1321HeatingTime_ISR) refers to hotterctrl.o(i.TempTime_ISR) for TempTime_ISR
    hotterctrl.o(i.Solder1321HeatingTime_ISR) refers to hotterctrl.o(.bss) for .bss
    hotterctrl.o(i.Solder1321PowerOn_ISR) refers to hotterctrl.o(.bss) for .bss
    hotterctrl.o(i.Solder1321PowerOn_ISR) refers to hotterctrl.o(.data) for .data
    hotterctrl.o(i.Solder1321_init) refers to hotterctrl.o(.bss) for .bss
    hotterctrl.o(i.Solder1321_init) refers to button.o(.bss) for button_set
    hotterctrl.o(i.Solder1321_init) refers to hotter.o(.bss) for hotter1321
    hotterctrl.o(i.Solder1321_init) refers to tm1650.o(.bss) for tm1650_2
    hotterctrl.o(i.TEMP_ADJUST_WARNING_READY_operate) refers to tm1650.o(.constdata) for CAL
    hotterctrl.o(i.TEMP_ADJUST_operate) refers to flash.o(i.FlshPara_Save) for FlshPara_Save
    hotterctrl.o(i.TEMP_ADJUST_operate) refers to flash.o(i.FlshPara_Init) for FlshPara_Init
    hotterctrl.o(i.TEMP_ALARM_operate) refers to tm1650.o(.constdata) for S_E
    hotterctrl.o(i.TEMP_ALARM_operate) refers to tm1650.o(.constdata) for H_E
    hotterctrl.o(i.TEMP_CHECK_READY_operate) refers to tm1650.o(.constdata) for CODE_Clean
    hotterctrl.o(i.TEMP_CTRL_operate) refers to dflti.o(.text) for __aeabi_i2d
    hotterctrl.o(i.TEMP_CTRL_operate) refers to cdcmple.o(.text) for __aeabi_cdcmple
    hotterctrl.o(i.TEMP_IDLE_READY_operate) refers to tm1650.o(.constdata) for OFF
    hotterctrl.o(i.TEMP_RESET_POSITION_operate) refers to tm1650.o(.constdata) for SLP
    hotterctrl.o(i.TEMP_TARGET_SET_operate) refers to flash.o(i.FlshPara_Save) for FlshPara_Save
    hotterctrl.o(i.TempCtrl) refers to hotterctrl.o(i.__ARM_common_switch8) for __ARM_common_switch8
    hotterctrl.o(i.TempCtrl) refers to hotterctrl.o(i.TEMP_CHECK_READY_operate) for TEMP_CHECK_READY_operate
    hotterctrl.o(i.TempCtrl) refers to hotterctrl.o(i.TEMP_IDLE_READY_operate) for TEMP_IDLE_READY_operate
    hotterctrl.o(i.TempCtrl) refers to hotterctrl.o(i.TEMP_TARGET_SHOW_READY_operate) for TEMP_TARGET_SHOW_READY_operate
    hotterctrl.o(i.TempCtrl) refers to hotterctrl.o(i.TEMP_TARGET_SHOW_operate) for TEMP_TARGET_SHOW_operate
    hotterctrl.o(i.TempCtrl) refers to hotterctrl.o(i.TEMP_CTRL_READY_operate) for TEMP_CTRL_READY_operate
    hotterctrl.o(i.TempCtrl) refers to hotterctrl.o(i.TEMP_CTRL_operate) for TEMP_CTRL_operate
    hotterctrl.o(i.TempCtrl) refers to hotterctrl.o(i.TEMP_TARGET_SET_READY_operate) for TEMP_TARGET_SET_READY_operate
    hotterctrl.o(i.TempCtrl) refers to hotterctrl.o(i.TEMP_TARGET_SET_operate) for TEMP_TARGET_SET_operate
    hotterctrl.o(i.TempCtrl) refers to hotterctrl.o(i.TEMP_ALARM_READY_operate) for TEMP_ALARM_READY_operate
    hotterctrl.o(i.TempCtrl) refers to hotterctrl.o(i.TEMP_ALARM_operate) for TEMP_ALARM_operate
    hotterctrl.o(i.TempCtrl) refers to hotterctrl.o(i.TEMP_ADJUST_WARNING_READY_operate) for TEMP_ADJUST_WARNING_READY_operate
    hotterctrl.o(i.TempCtrl) refers to hotterctrl.o(i.TEMP_ADJUST_WARNING_operate) for TEMP_ADJUST_WARNING_operate
    hotterctrl.o(i.TempCtrl) refers to hotterctrl.o(i.TEMP_ADJUST_READY_operate) for TEMP_ADJUST_READY_operate
    hotterctrl.o(i.TempCtrl) refers to hotterctrl.o(i.TEMP_ADJUST_operate) for TEMP_ADJUST_operate
    hotterctrl.o(i.TempCtrl) refers to hotterctrl.o(i.TEMP_RESET_POSITION_READY_operate) for TEMP_RESET_POSITION_READY_operate
    hotterctrl.o(i.TempCtrl) refers to hotterctrl.o(i.TEMP_RESET_POSITION_operate) for TEMP_RESET_POSITION_operate
    adc_filter.o(i.Avg_1_Init) refers to adc_filter.o(.bss) for .bss
    adc_filter.o(i.Avg_2_Init) refers to adc_filter.o(.bss) for .bss
    adc_filter.o(i.TempAdcFilter_ISR) refers to stm32f0xx_hal_gpio.o(i.HAL_GPIO_TogglePin) for HAL_GPIO_TogglePin
    flash.o(i.APP_DataSaveIsError) refers to stm32f0xx_hal_flash.o(i.HAL_FLASH_Unlock) for HAL_FLASH_Unlock
    flash.o(i.APP_DataSaveIsError) refers to stm32f0xx_hal_flash_ex.o(i.HAL_FLASHEx_Erase) for HAL_FLASHEx_Erase
    flash.o(i.APP_DataSaveIsError) refers to stm32f0xx_hal_flash.o(i.HAL_FLASH_Program) for HAL_FLASH_Program
    flash.o(i.APP_DataSaveIsError) refers to flash.o(.bss) for .bss
    flash.o(i.FlshPara_Init) refers to memcpya.o(.text) for __aeabi_memcpy
    flash.o(i.FlshPara_Init) refers to stm32f0xx_hal_gpio.o(i.HAL_GPIO_ReadPin) for HAL_GPIO_ReadPin
    flash.o(i.FlshPara_Init) refers to stm32f0xx_hal.o(i.HAL_Delay) for HAL_Delay
    flash.o(i.FlshPara_Init) refers to stm32f0xx_hal_flash.o(i.HAL_FLASH_Unlock) for HAL_FLASH_Unlock
    flash.o(i.FlshPara_Init) refers to stm32f0xx_hal_flash_ex.o(i.HAL_FLASHEx_Erase) for HAL_FLASHEx_Erase
    flash.o(i.FlshPara_Init) refers to stm32f0xx_hal_flash.o(i.HAL_FLASH_Program) for HAL_FLASH_Program
    flash.o(i.FlshPara_Init) refers to stm32f0xx_hal_flash.o(i.HAL_FLASH_Lock) for HAL_FLASH_Lock
    flash.o(i.FlshPara_Init) refers to flash.o(.data) for .data
    flash.o(i.FlshPara_Init) refers to flash.o(.constdata) for .constdata
    flash.o(i.FlshPara_Init) refers to hotter.o(.bss) for hotter1321
    flash.o(i.FlshPara_Save) refers to stm32f0xx_hal_flash.o(i.HAL_FLASH_Unlock) for HAL_FLASH_Unlock
    flash.o(i.FlshPara_Save) refers to stm32f0xx_hal_flash_ex.o(i.HAL_FLASHEx_Erase) for HAL_FLASHEx_Erase
    flash.o(i.FlshPara_Save) refers to stm32f0xx_hal_flash.o(i.HAL_FLASH_Program) for HAL_FLASH_Program
    flash.o(i.FlshPara_Save) refers to memcpya.o(.text) for __aeabi_memcpy
    flash.o(i.FlshPara_Save) refers to stm32f0xx_hal_flash.o(i.HAL_FLASH_Lock) for HAL_FLASH_Lock
    flash.o(i.FlshPara_Save) refers to flash.o(.data) for .data
    flash.o(i.FlshPara_Save) refers to hotter.o(.bss) for hotter1321
    msg_task.o(i.HAL_SYSTICK_Callback) refers to msg_task.o(i.TaskISR) for TaskISR
    msg_task.o(i.HAL_SYSTICK_Callback) refers to msg_task.o(.data) for .data
    msg_task.o(i.TaskSystickInit) refers to msg_task.o(.data) for .data
    msg_task.o(.data) refers to button.o(i.Button_set_ISR) for Button_set_ISR
    msg_task.o(.data) refers to tm1650.o(i.Tm1650_2_show_ISR) for Tm1650_2_show_ISR
    pid.o(i.Get_HeatingTime) refers to pid.o(.data) for .data
    pid.o(i.Heating_Time) refers to pid.o(i.Pid_Realize) for Pid_Realize
    pid.o(i.Heating_Time) refers to pid.o(.data) for .data
    pid.o(i.Pid_Realize) refers to pid.o(.data) for .data
    pid.o(i.Set_HeatingTime) refers to pid.o(.data) for .data
    entry.o(.ARM.Collect$$$$00000000) refers (Special) to entry10a.o(.ARM.Collect$$$$0000000D) for __rt_final_cpp
    entry.o(.ARM.Collect$$$$00000000) refers (Special) to entry11a.o(.ARM.Collect$$$$0000000F) for __rt_final_exit
    entry.o(.ARM.Collect$$$$00000000) refers (Special) to entry7b.o(.ARM.Collect$$$$00000008) for _main_clock
    entry.o(.ARM.Collect$$$$00000000) refers (Special) to entry8b.o(.ARM.Collect$$$$0000000A) for _main_cpp_init
    entry.o(.ARM.Collect$$$$00000000) refers (Special) to entry9a.o(.ARM.Collect$$$$0000000B) for _main_init
    entry.o(.ARM.Collect$$$$00000000) refers (Special) to entry5.o(.ARM.Collect$$$$00000004) for _main_scatterload
    entry.o(.ARM.Collect$$$$00000000) refers (Special) to entry2.o(.ARM.Collect$$$$00000001) for _main_stk
    idiv.o(.text) refers to uidiv.o(.text) for __aeabi_uidivmod
    fadd.o(.text) refers (Special) to iusefp.o(.text) for __I$use$fp
    fadd.o(.text) refers to fepilogue.o(.text) for _float_epilogue
    fmul.o(.text) refers (Special) to iusefp.o(.text) for __I$use$fp
    fflti.o(.text) refers (Special) to iusefp.o(.text) for __I$use$fp
    fflti.o(.text) refers to fepilogue.o(.text) for _float_epilogue
    ffltui.o(.text) refers (Special) to iusefp.o(.text) for __I$use$fp
    ffltui.o(.text) refers to fepilogue.o(.text) for _float_epilogue
    dflti.o(.text) refers (Special) to iusefp.o(.text) for __I$use$fp
    dflti.o(.text) refers to depilogue.o(.text) for _double_epilogue
    ffixi.o(.text) refers (Special) to iusefp.o(.text) for __I$use$fp
    dfixui.o(.text) refers (Special) to iusefp.o(.text) for __I$use$fp
    dfixui.o(.text) refers to llushr.o(.text) for __aeabi_llsr
    cdcmple.o(.text) refers (Special) to iusefp.o(.text) for __I$use$fp
    entry2.o(.ARM.Collect$$$$00000001) refers to entry2.o(.ARM.Collect$$$$00002712) for __lit__00000000
    entry2.o(.ARM.Collect$$$$00002712) refers to startup_stm32f030x8.o(STACK) for __initial_sp
    entry2.o(__vectab_stack_and_reset_area) refers to startup_stm32f030x8.o(STACK) for __initial_sp
    entry2.o(__vectab_stack_and_reset_area) refers to entry.o(.ARM.Collect$$$$00000000) for __main
    entry5.o(.ARM.Collect$$$$00000004) refers to init.o(.text) for __scatterload
    entry9a.o(.ARM.Collect$$$$0000000B) refers to main.o(i.main) for main
    entry9b.o(.ARM.Collect$$$$0000000C) refers to main.o(i.main) for main
    depilogue.o(.text) refers to depilogue.o(i.__ARM_clz) for __ARM_clz
    depilogue.o(.text) refers to llshl.o(.text) for __aeabi_llsl
    depilogue.o(.text) refers to llushr.o(.text) for __aeabi_llsr
    init.o(.text) refers to entry5.o(.ARM.Collect$$$$00000004) for __main_after_scatterload


==============================================================================

Removing Unused input sections from the image.

    Removing stm32f0xx_hal.o(.rev16_text), (4 bytes).
    Removing stm32f0xx_hal.o(.revsh_text), (4 bytes).
    Removing stm32f0xx_hal.o(i.HAL_DBGMCU_DisableDBGStandbyMode), (16 bytes).
    Removing stm32f0xx_hal.o(i.HAL_DBGMCU_DisableDBGStopMode), (16 bytes).
    Removing stm32f0xx_hal.o(i.HAL_DBGMCU_EnableDBGStandbyMode), (16 bytes).
    Removing stm32f0xx_hal.o(i.HAL_DBGMCU_EnableDBGStopMode), (16 bytes).
    Removing stm32f0xx_hal.o(i.HAL_DeInit), (36 bytes).
    Removing stm32f0xx_hal.o(i.HAL_GetDEVID), (16 bytes).
    Removing stm32f0xx_hal.o(i.HAL_GetHalVersion), (6 bytes).
    Removing stm32f0xx_hal.o(i.HAL_GetREVID), (12 bytes).
    Removing stm32f0xx_hal.o(i.HAL_MspDeInit), (2 bytes).
    Removing stm32f0xx_hal.o(i.HAL_MspInit), (2 bytes).
    Removing stm32f0xx_hal.o(i.HAL_ResumeTick), (16 bytes).
    Removing stm32f0xx_hal.o(i.HAL_SuspendTick), (16 bytes).
    Removing stm32f0xx_hal_pwr_ex.o(.rev16_text), (4 bytes).
    Removing stm32f0xx_hal_pwr_ex.o(.revsh_text), (4 bytes).
    Removing stm32f0xx_hal_flash.o(.rev16_text), (4 bytes).
    Removing stm32f0xx_hal_flash.o(.revsh_text), (4 bytes).
    Removing stm32f0xx_hal_flash.o(i.HAL_FLASH_EndOfOperationCallback), (2 bytes).
    Removing stm32f0xx_hal_flash.o(i.HAL_FLASH_GetError), (12 bytes).
    Removing stm32f0xx_hal_flash.o(i.HAL_FLASH_IRQHandler), (268 bytes).
    Removing stm32f0xx_hal_flash.o(i.HAL_FLASH_OB_Launch), (32 bytes).
    Removing stm32f0xx_hal_flash.o(i.HAL_FLASH_OB_Lock), (20 bytes).
    Removing stm32f0xx_hal_flash.o(i.HAL_FLASH_OB_Unlock), (36 bytes).
    Removing stm32f0xx_hal_flash.o(i.HAL_FLASH_OperationErrorCallback), (2 bytes).
    Removing stm32f0xx_hal_flash.o(i.HAL_FLASH_Program_IT), (100 bytes).
    Removing stm32f0xx_hal_adc.o(.rev16_text), (4 bytes).
    Removing stm32f0xx_hal_adc.o(.revsh_text), (4 bytes).
    Removing stm32f0xx_hal_adc.o(i.ADC_ConversionStop), (82 bytes).
    Removing stm32f0xx_hal_adc.o(i.ADC_DMAConvCplt), (108 bytes).
    Removing stm32f0xx_hal_adc.o(i.ADC_DMAError), (26 bytes).
    Removing stm32f0xx_hal_adc.o(i.ADC_DMAHalfConvCplt), (10 bytes).
    Removing stm32f0xx_hal_adc.o(i.ADC_Disable), (102 bytes).
    Removing stm32f0xx_hal_adc.o(i.ADC_Enable), (132 bytes).
    Removing stm32f0xx_hal_adc.o(i.HAL_ADC_AnalogWDGConfig), (156 bytes).
    Removing stm32f0xx_hal_adc.o(i.HAL_ADC_ConvCpltCallback), (2 bytes).
    Removing stm32f0xx_hal_adc.o(i.HAL_ADC_ConvHalfCpltCallback), (2 bytes).
    Removing stm32f0xx_hal_adc.o(i.HAL_ADC_DeInit), (160 bytes).
    Removing stm32f0xx_hal_adc.o(i.HAL_ADC_ErrorCallback), (2 bytes).
    Removing stm32f0xx_hal_adc.o(i.HAL_ADC_GetError), (4 bytes).
    Removing stm32f0xx_hal_adc.o(i.HAL_ADC_GetState), (4 bytes).
    Removing stm32f0xx_hal_adc.o(i.HAL_ADC_GetValue), (6 bytes).
    Removing stm32f0xx_hal_adc.o(i.HAL_ADC_IRQHandler), (208 bytes).
    Removing stm32f0xx_hal_adc.o(i.HAL_ADC_LevelOutOfWindowCallback), (2 bytes).
    Removing stm32f0xx_hal_adc.o(i.HAL_ADC_MspDeInit), (2 bytes).
    Removing stm32f0xx_hal_adc.o(i.HAL_ADC_MspInit), (2 bytes).
    Removing stm32f0xx_hal_adc.o(i.HAL_ADC_PollForConversion), (190 bytes).
    Removing stm32f0xx_hal_adc.o(i.HAL_ADC_PollForEvent), (116 bytes).
    Removing stm32f0xx_hal_adc.o(i.HAL_ADC_Start), (92 bytes).
    Removing stm32f0xx_hal_adc.o(i.HAL_ADC_Start_DMA), (160 bytes).
    Removing stm32f0xx_hal_adc.o(i.HAL_ADC_Start_IT), (124 bytes).
    Removing stm32f0xx_hal_adc.o(i.HAL_ADC_Stop), (62 bytes).
    Removing stm32f0xx_hal_adc.o(i.HAL_ADC_Stop_DMA), (112 bytes).
    Removing stm32f0xx_hal_adc.o(i.HAL_ADC_Stop_IT), (72 bytes).
    Removing stm32f0xx_hal_adc_ex.o(.rev16_text), (4 bytes).
    Removing stm32f0xx_hal_adc_ex.o(.revsh_text), (4 bytes).
    Removing stm32f0xx_hal_adc_ex.o(i.HAL_ADCEx_Calibration_Start), (148 bytes).
    Removing stm32f0xx_hal_gpio.o(.rev16_text), (4 bytes).
    Removing stm32f0xx_hal_gpio.o(.revsh_text), (4 bytes).
    Removing stm32f0xx_hal_gpio.o(i.HAL_GPIO_DeInit), (212 bytes).
    Removing stm32f0xx_hal_gpio.o(i.HAL_GPIO_EXTI_Callback), (2 bytes).
    Removing stm32f0xx_hal_gpio.o(i.HAL_GPIO_EXTI_IRQHandler), (24 bytes).
    Removing stm32f0xx_hal_gpio.o(i.HAL_GPIO_LockPin), (36 bytes).
    Removing stm32f0xx_hal_gpio.o(i.HAL_GPIO_TogglePin), (8 bytes).
    Removing stm32f0xx_hal_i2c.o(.rev16_text), (4 bytes).
    Removing stm32f0xx_hal_i2c.o(.revsh_text), (4 bytes).
    Removing stm32f0xx_hal_i2c.o(i.HAL_I2C_AbortCpltCallback), (2 bytes).
    Removing stm32f0xx_hal_i2c.o(i.HAL_I2C_AddrCallback), (2 bytes).
    Removing stm32f0xx_hal_i2c.o(i.HAL_I2C_DeInit), (52 bytes).
    Removing stm32f0xx_hal_i2c.o(i.HAL_I2C_DisableListen_IT), (48 bytes).
    Removing stm32f0xx_hal_i2c.o(i.HAL_I2C_ER_IRQHandler), (88 bytes).
    Removing stm32f0xx_hal_i2c.o(i.HAL_I2C_EV_IRQHandler), (16 bytes).
    Removing stm32f0xx_hal_i2c.o(i.HAL_I2C_EnableListen_IT), (40 bytes).
    Removing stm32f0xx_hal_i2c.o(i.HAL_I2C_ErrorCallback), (2 bytes).
    Removing stm32f0xx_hal_i2c.o(i.HAL_I2C_GetError), (4 bytes).
    Removing stm32f0xx_hal_i2c.o(i.HAL_I2C_GetMode), (6 bytes).
    Removing stm32f0xx_hal_i2c.o(i.HAL_I2C_GetState), (6 bytes).
    Removing stm32f0xx_hal_i2c.o(i.HAL_I2C_Init), (168 bytes).
    Removing stm32f0xx_hal_i2c.o(i.HAL_I2C_IsDeviceReady), (284 bytes).
    Removing stm32f0xx_hal_i2c.o(i.HAL_I2C_ListenCpltCallback), (2 bytes).
    Removing stm32f0xx_hal_i2c.o(i.HAL_I2C_MasterRxCpltCallback), (2 bytes).
    Removing stm32f0xx_hal_i2c.o(i.HAL_I2C_MasterTxCpltCallback), (2 bytes).
    Removing stm32f0xx_hal_i2c.o(i.HAL_I2C_Master_Abort_IT), (88 bytes).
    Removing stm32f0xx_hal_i2c.o(i.HAL_I2C_Master_Receive), (280 bytes).
    Removing stm32f0xx_hal_i2c.o(i.HAL_I2C_Master_Receive_DMA), (236 bytes).
    Removing stm32f0xx_hal_i2c.o(i.HAL_I2C_Master_Receive_IT), (124 bytes).
    Removing stm32f0xx_hal_i2c.o(i.HAL_I2C_Master_Sequential_Receive_IT), (116 bytes).
    Removing stm32f0xx_hal_i2c.o(i.HAL_I2C_Master_Sequential_Transmit_IT), (116 bytes).
    Removing stm32f0xx_hal_i2c.o(i.HAL_I2C_Master_Transmit), (280 bytes).
    Removing stm32f0xx_hal_i2c.o(i.HAL_I2C_Master_Transmit_DMA), (240 bytes).
    Removing stm32f0xx_hal_i2c.o(i.HAL_I2C_Master_Transmit_IT), (124 bytes).
    Removing stm32f0xx_hal_i2c.o(i.HAL_I2C_MemRxCpltCallback), (2 bytes).
    Removing stm32f0xx_hal_i2c.o(i.HAL_I2C_MemTxCpltCallback), (2 bytes).
    Removing stm32f0xx_hal_i2c.o(i.HAL_I2C_Mem_Read), (344 bytes).
    Removing stm32f0xx_hal_i2c.o(i.HAL_I2C_Mem_Read_DMA), (248 bytes).
    Removing stm32f0xx_hal_i2c.o(i.HAL_I2C_Mem_Read_IT), (188 bytes).
    Removing stm32f0xx_hal_i2c.o(i.HAL_I2C_Mem_Write), (340 bytes).
    Removing stm32f0xx_hal_i2c.o(i.HAL_I2C_Mem_Write_DMA), (244 bytes).
    Removing stm32f0xx_hal_i2c.o(i.HAL_I2C_Mem_Write_IT), (184 bytes).
    Removing stm32f0xx_hal_i2c.o(i.HAL_I2C_MspDeInit), (2 bytes).
    Removing stm32f0xx_hal_i2c.o(i.HAL_I2C_MspInit), (2 bytes).
    Removing stm32f0xx_hal_i2c.o(i.HAL_I2C_SlaveRxCpltCallback), (2 bytes).
    Removing stm32f0xx_hal_i2c.o(i.HAL_I2C_SlaveTxCpltCallback), (2 bytes).
    Removing stm32f0xx_hal_i2c.o(i.HAL_I2C_Slave_Receive), (292 bytes).
    Removing stm32f0xx_hal_i2c.o(i.HAL_I2C_Slave_Receive_DMA), (156 bytes).
    Removing stm32f0xx_hal_i2c.o(i.HAL_I2C_Slave_Receive_IT), (88 bytes).
    Removing stm32f0xx_hal_i2c.o(i.HAL_I2C_Slave_Sequential_Receive_IT), (128 bytes).
    Removing stm32f0xx_hal_i2c.o(i.HAL_I2C_Slave_Sequential_Transmit_IT), (128 bytes).
    Removing stm32f0xx_hal_i2c.o(i.HAL_I2C_Slave_Transmit), (300 bytes).
    Removing stm32f0xx_hal_i2c.o(i.HAL_I2C_Slave_Transmit_DMA), (156 bytes).
    Removing stm32f0xx_hal_i2c.o(i.HAL_I2C_Slave_Transmit_IT), (88 bytes).
    Removing stm32f0xx_hal_i2c.o(i.I2C_DMAAbort), (52 bytes).
    Removing stm32f0xx_hal_i2c.o(i.I2C_DMAError), (24 bytes).
    Removing stm32f0xx_hal_i2c.o(i.I2C_DMAMasterReceiveCplt), (68 bytes).
    Removing stm32f0xx_hal_i2c.o(i.I2C_DMAMasterTransmitCplt), (68 bytes).
    Removing stm32f0xx_hal_i2c.o(i.I2C_DMASlaveReceiveCplt), (2 bytes).
    Removing stm32f0xx_hal_i2c.o(i.I2C_DMASlaveTransmitCplt), (2 bytes).
    Removing stm32f0xx_hal_i2c.o(i.I2C_Disable_IRQ), (86 bytes).
    Removing stm32f0xx_hal_i2c.o(i.I2C_Enable_IRQ), (100 bytes).
    Removing stm32f0xx_hal_i2c.o(i.I2C_Flush_TXDR), (34 bytes).
    Removing stm32f0xx_hal_i2c.o(i.I2C_ITAddrCplt), (122 bytes).
    Removing stm32f0xx_hal_i2c.o(i.I2C_ITError), (204 bytes).
    Removing stm32f0xx_hal_i2c.o(i.I2C_ITListenCplt), (96 bytes).
    Removing stm32f0xx_hal_i2c.o(i.I2C_ITMasterCplt), (160 bytes).
    Removing stm32f0xx_hal_i2c.o(i.I2C_ITMasterSequentialCplt), (70 bytes).
    Removing stm32f0xx_hal_i2c.o(i.I2C_ITSlaveCplt), (232 bytes).
    Removing stm32f0xx_hal_i2c.o(i.I2C_ITSlaveSequentialCplt), (74 bytes).
    Removing stm32f0xx_hal_i2c.o(i.I2C_IsAcknowledgeFailed), (116 bytes).
    Removing stm32f0xx_hal_i2c.o(i.I2C_Master_ISR_DMA), (194 bytes).
    Removing stm32f0xx_hal_i2c.o(i.I2C_Master_ISR_IT), (296 bytes).
    Removing stm32f0xx_hal_i2c.o(i.I2C_RequestMemoryRead), (106 bytes).
    Removing stm32f0xx_hal_i2c.o(i.I2C_RequestMemoryWrite), (106 bytes).
    Removing stm32f0xx_hal_i2c.o(i.I2C_Slave_ISR_DMA), (104 bytes).
    Removing stm32f0xx_hal_i2c.o(i.I2C_Slave_ISR_IT), (280 bytes).
    Removing stm32f0xx_hal_i2c.o(i.I2C_TransferConfig), (36 bytes).
    Removing stm32f0xx_hal_i2c.o(i.I2C_WaitOnFlagUntilTimeout), (72 bytes).
    Removing stm32f0xx_hal_i2c.o(i.I2C_WaitOnRXNEFlagUntilTimeout), (120 bytes).
    Removing stm32f0xx_hal_i2c.o(i.I2C_WaitOnSTOPFlagUntilTimeout), (78 bytes).
    Removing stm32f0xx_hal_i2c.o(i.I2C_WaitOnTXISFlagUntilTimeout), (82 bytes).
    Removing stm32f0xx_hal_cortex.o(.rev16_text), (4 bytes).
    Removing stm32f0xx_hal_cortex.o(.revsh_text), (4 bytes).
    Removing stm32f0xx_hal_cortex.o(i.HAL_NVIC_ClearPendingIRQ), (20 bytes).
    Removing stm32f0xx_hal_cortex.o(i.HAL_NVIC_DisableIRQ), (20 bytes).
    Removing stm32f0xx_hal_cortex.o(i.HAL_NVIC_EnableIRQ), (20 bytes).
    Removing stm32f0xx_hal_cortex.o(i.HAL_NVIC_GetPendingIRQ), (28 bytes).
    Removing stm32f0xx_hal_cortex.o(i.HAL_NVIC_GetPriority), (52 bytes).
    Removing stm32f0xx_hal_cortex.o(i.HAL_NVIC_SetPendingIRQ), (20 bytes).
    Removing stm32f0xx_hal_cortex.o(i.HAL_NVIC_SystemReset), (28 bytes).
    Removing stm32f0xx_hal_cortex.o(i.HAL_SYSTICK_Callback), (2 bytes).
    Removing stm32f0xx_hal_tim_ex.o(.rev16_text), (4 bytes).
    Removing stm32f0xx_hal_tim_ex.o(.revsh_text), (4 bytes).
    Removing stm32f0xx_hal_tim.o(.rev16_text), (4 bytes).
    Removing stm32f0xx_hal_tim.o(.revsh_text), (4 bytes).
    Removing stm32f0xx_hal_rcc.o(.rev16_text), (4 bytes).
    Removing stm32f0xx_hal_rcc.o(.revsh_text), (4 bytes).
    Removing stm32f0xx_hal_rcc.o(i.HAL_RCC_CSSCallback), (2 bytes).
    Removing stm32f0xx_hal_rcc.o(i.HAL_RCC_DeInit), (76 bytes).
    Removing stm32f0xx_hal_rcc.o(i.HAL_RCC_DisableCSS), (20 bytes).
    Removing stm32f0xx_hal_rcc.o(i.HAL_RCC_EnableCSS), (20 bytes).
    Removing stm32f0xx_hal_rcc.o(i.HAL_RCC_GetClockConfig), (56 bytes).
    Removing stm32f0xx_hal_rcc.o(i.HAL_RCC_GetOscConfig), (156 bytes).
    Removing stm32f0xx_hal_rcc.o(i.HAL_RCC_GetPCLK1Freq), (32 bytes).
    Removing stm32f0xx_hal_rcc.o(i.HAL_RCC_MCOConfig), (84 bytes).
    Removing stm32f0xx_hal_rcc.o(i.HAL_RCC_NMI_IRQHandler), (24 bytes).
    Removing stm32f0xx_hal_i2c_ex.o(.rev16_text), (4 bytes).
    Removing stm32f0xx_hal_i2c_ex.o(.revsh_text), (4 bytes).
    Removing stm32f0xx_hal_i2c_ex.o(i.HAL_I2CEx_ConfigAnalogFilter), (74 bytes).
    Removing stm32f0xx_hal_i2c_ex.o(i.HAL_I2CEx_ConfigDigitalFilter), (72 bytes).
    Removing stm32f0xx_hal_i2c_ex.o(i.HAL_I2CEx_DisableFastModePlus), (36 bytes).
    Removing stm32f0xx_hal_i2c_ex.o(i.HAL_I2CEx_EnableFastModePlus), (36 bytes).
    Removing stm32f0xx_hal_rcc_ex.o(.rev16_text), (4 bytes).
    Removing stm32f0xx_hal_rcc_ex.o(.revsh_text), (4 bytes).
    Removing stm32f0xx_hal_rcc_ex.o(i.HAL_RCCEx_GetPeriphCLKConfig), (44 bytes).
    Removing stm32f0xx_hal_rcc_ex.o(i.HAL_RCCEx_GetPeriphCLKFreq), (156 bytes).
    Removing stm32f0xx_hal_rcc_ex.o(i.HAL_RCCEx_PeriphCLKConfig), (232 bytes).
    Removing stm32f0xx_hal_dma.o(.rev16_text), (4 bytes).
    Removing stm32f0xx_hal_dma.o(.revsh_text), (4 bytes).
    Removing stm32f0xx_hal_dma.o(i.DMA_SetConfig), (30 bytes).
    Removing stm32f0xx_hal_dma.o(i.HAL_DMA_Abort), (76 bytes).
    Removing stm32f0xx_hal_dma.o(i.HAL_DMA_Abort_IT), (124 bytes).
    Removing stm32f0xx_hal_dma.o(i.HAL_DMA_DeInit), (204 bytes).
    Removing stm32f0xx_hal_dma.o(i.HAL_DMA_GetError), (4 bytes).
    Removing stm32f0xx_hal_dma.o(i.HAL_DMA_GetState), (6 bytes).
    Removing stm32f0xx_hal_dma.o(i.HAL_DMA_IRQHandler), (476 bytes).
    Removing stm32f0xx_hal_dma.o(i.HAL_DMA_Init), (84 bytes).
    Removing stm32f0xx_hal_dma.o(i.HAL_DMA_PollForTransfer), (452 bytes).
    Removing stm32f0xx_hal_dma.o(i.HAL_DMA_Start), (50 bytes).
    Removing stm32f0xx_hal_dma.o(i.HAL_DMA_Start_IT), (78 bytes).
    Removing stm32f0xx_hal_pwr.o(.rev16_text), (4 bytes).
    Removing stm32f0xx_hal_pwr.o(.revsh_text), (4 bytes).
    Removing stm32f0xx_hal_pwr.o(i.HAL_PWR_DeInit), (24 bytes).
    Removing stm32f0xx_hal_pwr.o(i.HAL_PWR_DisableBkUpAccess), (16 bytes).
    Removing stm32f0xx_hal_pwr.o(i.HAL_PWR_DisableSEVOnPend), (16 bytes).
    Removing stm32f0xx_hal_pwr.o(i.HAL_PWR_DisableSleepOnExit), (16 bytes).
    Removing stm32f0xx_hal_pwr.o(i.HAL_PWR_DisableWakeUpPin), (16 bytes).
    Removing stm32f0xx_hal_pwr.o(i.HAL_PWR_EnableBkUpAccess), (16 bytes).
    Removing stm32f0xx_hal_pwr.o(i.HAL_PWR_EnableSEVOnPend), (16 bytes).
    Removing stm32f0xx_hal_pwr.o(i.HAL_PWR_EnableSleepOnExit), (16 bytes).
    Removing stm32f0xx_hal_pwr.o(i.HAL_PWR_EnableWakeUpPin), (16 bytes).
    Removing stm32f0xx_hal_pwr.o(i.HAL_PWR_EnterSLEEPMode), (32 bytes).
    Removing stm32f0xx_hal_pwr.o(i.HAL_PWR_EnterSTANDBYMode), (32 bytes).
    Removing stm32f0xx_hal_pwr.o(i.HAL_PWR_EnterSTOPMode), (52 bytes).
    Removing stm32f0xx_hal_flash_ex.o(.rev16_text), (4 bytes).
    Removing stm32f0xx_hal_flash_ex.o(.revsh_text), (4 bytes).
    Removing stm32f0xx_hal_flash_ex.o(i.FLASH_OB_DisableWRP), (108 bytes).
    Removing stm32f0xx_hal_flash_ex.o(i.FLASH_OB_EnableWRP), (108 bytes).
    Removing stm32f0xx_hal_flash_ex.o(i.FLASH_OB_GetRDP), (32 bytes).
    Removing stm32f0xx_hal_flash_ex.o(i.FLASH_OB_RDP_LevelConfig), (96 bytes).
    Removing stm32f0xx_hal_flash_ex.o(i.HAL_FLASHEx_Erase_IT), (88 bytes).
    Removing stm32f0xx_hal_flash_ex.o(i.HAL_FLASHEx_OBErase), (80 bytes).
    Removing stm32f0xx_hal_flash_ex.o(i.HAL_FLASHEx_OBGetConfig), (36 bytes).
    Removing stm32f0xx_hal_flash_ex.o(i.HAL_FLASHEx_OBGetUserData), (28 bytes).
    Removing stm32f0xx_hal_flash_ex.o(i.HAL_FLASHEx_OBProgram), (204 bytes).
    Removing main.o(.rev16_text), (4 bytes).
    Removing main.o(.revsh_text), (4 bytes).
    Removing stm32f0xx_it.o(.rev16_text), (4 bytes).
    Removing stm32f0xx_it.o(.revsh_text), (4 bytes).
    Removing stm32f0xx_hal_msp.o(.rev16_text), (4 bytes).
    Removing stm32f0xx_hal_msp.o(.revsh_text), (4 bytes).
    Removing gpio.o(.rev16_text), (4 bytes).
    Removing gpio.o(.revsh_text), (4 bytes).
    Removing adc.o(.rev16_text), (4 bytes).
    Removing adc.o(.revsh_text), (4 bytes).
    Removing adc.o(i.HAL_ADC_MspDeInit), (64 bytes).
    Removing startup_stm32f030x8.o(HEAP), (512 bytes).
    Removing system_stm32f0xx.o(.rev16_text), (4 bytes).
    Removing system_stm32f0xx.o(.revsh_text), (4 bytes).
    Removing system_stm32f0xx.o(i.SystemCoreClockUpdate), (108 bytes).
    Removing system_stm32f0xx.o(.constdata), (8 bytes).
    Removing button.o(.rev16_text), (4 bytes).
    Removing button.o(.revsh_text), (4 bytes).
    Removing button.o(i.Button_down_ISR), (16 bytes).
    Removing button.o(i.Button_up_ISR), (16 bytes).
    Removing hotter.o(.rev16_text), (4 bytes).
    Removing hotter.o(.revsh_text), (4 bytes).
    Removing hotter.o(i.Heat_hotter1321), (28 bytes).
    Removing hotter.o(i.Hotter1321RealTemp_ISR), (16 bytes).
    Removing hotter.o(i.HotterRealTemp_ISR), (56 bytes).
    Removing hotter.o(i.HotterWorkingState_ISR), (76 bytes).
    Removing tm1650.o(.rev16_text), (4 bytes).
    Removing tm1650.o(.revsh_text), (4 bytes).
    Removing tm1650.o(.constdata), (4 bytes).
    Removing tm1650.o(.constdata), (4 bytes).
    Removing tm1650.o(.constdata), (4 bytes).
    Removing tm1650.o(.constdata), (4 bytes).
    Removing tm1650.o(.constdata), (4 bytes).
    Removing tm1650.o(.constdata), (4 bytes).
    Removing tm1650.o(.constdata), (4 bytes).
    Removing tm1650.o(.constdata), (4 bytes).
    Removing tm1650.o(.constdata), (4 bytes).
    Removing tm1650.o(.constdata), (4 bytes).
    Removing tm1650.o(.constdata), (4 bytes).
    Removing tm1650.o(.constdata), (4 bytes).
    Removing tm1650.o(.constdata), (4 bytes).
    Removing tm1650.o(.constdata), (4 bytes).
    Removing tm1650.o(.constdata), (4 bytes).
    Removing tm1650.o(.constdata), (4 bytes).
    Removing tm1650.o(.constdata), (4 bytes).
    Removing tm1650.o(.constdata), (4 bytes).
    Removing tm1650.o(.constdata), (4 bytes).
    Removing tm1650.o(.constdata), (4 bytes).
    Removing tm1650.o(.constdata), (4 bytes).
    Removing led.o(.rev16_text), (4 bytes).
    Removing led.o(.revsh_text), (4 bytes).
    Removing hotterctrl.o(.rev16_text), (4 bytes).
    Removing hotterctrl.o(.revsh_text), (4 bytes).
    Removing hotterctrl.o(i.Solder1321Ctrl), (16 bytes).
    Removing hotterctrl.o(i.Solder1321HeatingTime_ISR), (16 bytes).
    Removing hotterctrl.o(i.Solder1321PowerOn_ISR), (36 bytes).
    Removing hotterctrl.o(i.Solder1321_init), (56 bytes).
    Removing hotterctrl.o(i.TEMP_ADJUST_READY_operate), (36 bytes).
    Removing hotterctrl.o(i.TEMP_ADJUST_WARNING_READY_operate), (40 bytes).
    Removing hotterctrl.o(i.TEMP_ADJUST_WARNING_operate), (12 bytes).
    Removing hotterctrl.o(i.TEMP_ADJUST_operate), (88 bytes).
    Removing hotterctrl.o(i.TEMP_ALARM_READY_operate), (22 bytes).
    Removing hotterctrl.o(i.TEMP_ALARM_operate), (76 bytes).
    Removing hotterctrl.o(i.TEMP_CHECK_READY_operate), (36 bytes).
    Removing hotterctrl.o(i.TEMP_CHECK_operate), (2 bytes).
    Removing hotterctrl.o(i.TEMP_CTRL_READY_operate), (40 bytes).
    Removing hotterctrl.o(i.TEMP_CTRL_operate), (300 bytes).
    Removing hotterctrl.o(i.TEMP_IDLE_READY_operate), (36 bytes).
    Removing hotterctrl.o(i.TEMP_IDLE_operate), (2 bytes).
    Removing hotterctrl.o(i.TEMP_RESET_POSITION_READY_operate), (34 bytes).
    Removing hotterctrl.o(i.TEMP_RESET_POSITION_operate), (32 bytes).
    Removing hotterctrl.o(i.TEMP_TARGET_SET_READY_operate), (36 bytes).
    Removing hotterctrl.o(i.TEMP_TARGET_SET_operate), (84 bytes).
    Removing hotterctrl.o(i.TEMP_TARGET_SHOW_READY_operate), (38 bytes).
    Removing hotterctrl.o(i.TEMP_TARGET_SHOW_operate), (12 bytes).
    Removing hotterctrl.o(i.TempCtrl), (126 bytes).
    Removing hotterctrl.o(i.TempTime_ISR), (14 bytes).
    Removing hotterctrl.o(.data), (2 bytes).
    Removing adc_filter.o(.rev16_text), (4 bytes).
    Removing adc_filter.o(.revsh_text), (4 bytes).
    Removing adc_filter.o(i.AvgFilter), (62 bytes).
    Removing adc_filter.o(i.Avg_1_Init), (24 bytes).
    Removing adc_filter.o(i.Avg_2_Init), (28 bytes).
    Removing adc_filter.o(i.TempAdcFilter_ISR), (14 bytes).
    Removing adc_filter.o(.bss), (536 bytes).
    Removing adc_filter.o(.data), (4 bytes).
    Removing flash.o(.rev16_text), (4 bytes).
    Removing flash.o(.revsh_text), (4 bytes).
    Removing flash.o(i.APP_DataRead), (22 bytes).
    Removing flash.o(i.APP_DataSaveIsError), (80 bytes).
    Removing flash.o(i.FlshPara_Save), (104 bytes).
    Removing flash.o(.bss), (12 bytes).
    Removing msg_task.o(.rev16_text), (4 bytes).
    Removing msg_task.o(.revsh_text), (4 bytes).
    Removing msg_task.o(i.TaskCtrl), (36 bytes).
    Removing pid.o(.rev16_text), (4 bytes).
    Removing pid.o(.revsh_text), (4 bytes).
    Removing pid.o(i.Get_HeatingTime), (12 bytes).
    Removing pid.o(i.Heating_Time), (16 bytes).
    Removing pid.o(i.Pid_Realize), (116 bytes).
    Removing pid.o(i.Set_HeatingTime), (12 bytes).
    Removing pid.o(.data), (28 bytes).
    Removing fadd.o(.text), (178 bytes).
    Removing fmul.o(.text), (122 bytes).
    Removing fflti.o(.text), (22 bytes).
    Removing ffltui.o(.text), (14 bytes).
    Removing ffixi.o(.text), (50 bytes).
    Removing cdcmple.o(.text), (40 bytes).
    Removing fepilogue.o(.text), (130 bytes).
    Removing hotterctrl.o(i.__ARM_common_switch8), (26 bytes).

323 unused section(s) (total 19272 bytes) removed from the image.

==============================================================================

Image Symbol Table

    Local Symbols

    Symbol Name                              Value     Ov Type        Size  Object(Section)

    ../Drivers/CMSIS/Device/ST/STM32F0xx/Source/Templates/system_stm32f0xx.c 0x00000000   Number         0  system_stm32f0xx.o ABSOLUTE
    ../Drivers/STM32F0xx_HAL_Driver/Src/stm32f0xx_hal.c 0x00000000   Number         0  stm32f0xx_hal.o ABSOLUTE
    ../Drivers/STM32F0xx_HAL_Driver/Src/stm32f0xx_hal_adc.c 0x00000000   Number         0  stm32f0xx_hal_adc.o ABSOLUTE
    ../Drivers/STM32F0xx_HAL_Driver/Src/stm32f0xx_hal_adc_ex.c 0x00000000   Number         0  stm32f0xx_hal_adc_ex.o ABSOLUTE
    ../Drivers/STM32F0xx_HAL_Driver/Src/stm32f0xx_hal_cortex.c 0x00000000   Number         0  stm32f0xx_hal_cortex.o ABSOLUTE
    ../Drivers/STM32F0xx_HAL_Driver/Src/stm32f0xx_hal_dma.c 0x00000000   Number         0  stm32f0xx_hal_dma.o ABSOLUTE
    ../Drivers/STM32F0xx_HAL_Driver/Src/stm32f0xx_hal_flash.c 0x00000000   Number         0  stm32f0xx_hal_flash.o ABSOLUTE
    ../Drivers/STM32F0xx_HAL_Driver/Src/stm32f0xx_hal_flash_ex.c 0x00000000   Number         0  stm32f0xx_hal_flash_ex.o ABSOLUTE
    ../Drivers/STM32F0xx_HAL_Driver/Src/stm32f0xx_hal_gpio.c 0x00000000   Number         0  stm32f0xx_hal_gpio.o ABSOLUTE
    ../Drivers/STM32F0xx_HAL_Driver/Src/stm32f0xx_hal_i2c.c 0x00000000   Number         0  stm32f0xx_hal_i2c.o ABSOLUTE
    ../Drivers/STM32F0xx_HAL_Driver/Src/stm32f0xx_hal_i2c_ex.c 0x00000000   Number         0  stm32f0xx_hal_i2c_ex.o ABSOLUTE
    ../Drivers/STM32F0xx_HAL_Driver/Src/stm32f0xx_hal_pwr.c 0x00000000   Number         0  stm32f0xx_hal_pwr.o ABSOLUTE
    ../Drivers/STM32F0xx_HAL_Driver/Src/stm32f0xx_hal_pwr_ex.c 0x00000000   Number         0  stm32f0xx_hal_pwr_ex.o ABSOLUTE
    ../Drivers/STM32F0xx_HAL_Driver/Src/stm32f0xx_hal_rcc.c 0x00000000   Number         0  stm32f0xx_hal_rcc.o ABSOLUTE
    ../Drivers/STM32F0xx_HAL_Driver/Src/stm32f0xx_hal_rcc_ex.c 0x00000000   Number         0  stm32f0xx_hal_rcc_ex.o ABSOLUTE
    ../Drivers/STM32F0xx_HAL_Driver/Src/stm32f0xx_hal_tim.c 0x00000000   Number         0  stm32f0xx_hal_tim.o ABSOLUTE
    ../Drivers/STM32F0xx_HAL_Driver/Src/stm32f0xx_hal_tim_ex.c 0x00000000   Number         0  stm32f0xx_hal_tim_ex.o ABSOLUTE
    ../Src/adc.c                             0x00000000   Number         0  adc.o ABSOLUTE
    ../Src/gpio.c                            0x00000000   Number         0  gpio.o ABSOLUTE
    ../Src/main.c                            0x00000000   Number         0  main.o ABSOLUTE
    ../Src/stm32f0xx_hal_msp.c               0x00000000   Number         0  stm32f0xx_hal_msp.o ABSOLUTE
    ../Src/stm32f0xx_it.c                    0x00000000   Number         0  stm32f0xx_it.o ABSOLUTE
    ../clib/microlib/division.c              0x00000000   Number         0  uidiv.o ABSOLUTE
    ../clib/microlib/division.c              0x00000000   Number         0  idiv.o ABSOLUTE
    ../clib/microlib/init/entry.s            0x00000000   Number         0  entry10a.o ABSOLUTE
    ../clib/microlib/init/entry.s            0x00000000   Number         0  entry9a.o ABSOLUTE
    ../clib/microlib/init/entry.s            0x00000000   Number         0  entry8b.o ABSOLUTE
    ../clib/microlib/init/entry.s            0x00000000   Number         0  entry7b.o ABSOLUTE
    ../clib/microlib/init/entry.s            0x00000000   Number         0  entry7a.o ABSOLUTE
    ../clib/microlib/init/entry.s            0x00000000   Number         0  entry5.o ABSOLUTE
    ../clib/microlib/init/entry.s            0x00000000   Number         0  entry9b.o ABSOLUTE
    ../clib/microlib/init/entry.s            0x00000000   Number         0  entry8a.o ABSOLUTE
    ../clib/microlib/init/entry.s            0x00000000   Number         0  entry.o ABSOLUTE
    ../clib/microlib/init/entry.s            0x00000000   Number         0  entry2.o ABSOLUTE
    ../clib/microlib/init/entry.s            0x00000000   Number         0  entry11b.o ABSOLUTE
    ../clib/microlib/init/entry.s            0x00000000   Number         0  entry11a.o ABSOLUTE
    ../clib/microlib/init/entry.s            0x00000000   Number         0  entry10b.o ABSOLUTE
    ../clib/microlib/longlong.c              0x00000000   Number         0  llshl.o ABSOLUTE
    ../clib/microlib/longlong.c              0x00000000   Number         0  llushr.o ABSOLUTE
    ../clib/microlib/string/memcpy.c         0x00000000   Number         0  memcpyb.o ABSOLUTE
    ../clib/microlib/string/memcpy.c         0x00000000   Number         0  memcpya.o ABSOLUTE
    ../clib/microlib/string/memset.c         0x00000000   Number         0  memseta.o ABSOLUTE
    ../clib/microlib/stubs.s                 0x00000000   Number         0  iusefp.o ABSOLUTE
    ../fplib/microlib/fpadd.c                0x00000000   Number         0  fadd.o ABSOLUTE
    ../fplib/microlib/fpepilogue.c           0x00000000   Number         0  fepilogue.o ABSOLUTE
    ../fplib/microlib/fpepilogue.c           0x00000000   Number         0  depilogue.o ABSOLUTE
    ../fplib/microlib/fpfix.c                0x00000000   Number         0  dfixui.o ABSOLUTE
    ../fplib/microlib/fpfix.c                0x00000000   Number         0  ffixi.o ABSOLUTE
    ../fplib/microlib/fpflt.c                0x00000000   Number         0  ffltui.o ABSOLUTE
    ../fplib/microlib/fpflt.c                0x00000000   Number         0  fflti.o ABSOLUTE
    ../fplib/microlib/fpflt.c                0x00000000   Number         0  dflti.o ABSOLUTE
    ../fplib/microlib/fpmul.c                0x00000000   Number         0  fmul.o ABSOLUTE
    ..\BSP\LED.c                             0x00000000   Number         0  led.o ABSOLUTE
    ..\BSP\button.c                          0x00000000   Number         0  button.o ABSOLUTE
    ..\BSP\hotter.c                          0x00000000   Number         0  hotter.o ABSOLUTE
    ..\BSP\tm1650.c                          0x00000000   Number         0  tm1650.o ABSOLUTE
    ..\CANTOR\HotterCtrl.c                   0x00000000   Number         0  hotterctrl.o ABSOLUTE
    ..\Drivers\CMSIS\Device\ST\STM32F0xx\Source\Templates\system_stm32f0xx.c 0x00000000   Number         0  system_stm32f0xx.o ABSOLUTE
    ..\Drivers\STM32F0xx_HAL_Driver\Src\stm32f0xx_hal.c 0x00000000   Number         0  stm32f0xx_hal.o ABSOLUTE
    ..\Drivers\STM32F0xx_HAL_Driver\Src\stm32f0xx_hal_adc.c 0x00000000   Number         0  stm32f0xx_hal_adc.o ABSOLUTE
    ..\Drivers\STM32F0xx_HAL_Driver\Src\stm32f0xx_hal_adc_ex.c 0x00000000   Number         0  stm32f0xx_hal_adc_ex.o ABSOLUTE
    ..\Drivers\STM32F0xx_HAL_Driver\Src\stm32f0xx_hal_cortex.c 0x00000000   Number         0  stm32f0xx_hal_cortex.o ABSOLUTE
    ..\Drivers\STM32F0xx_HAL_Driver\Src\stm32f0xx_hal_dma.c 0x00000000   Number         0  stm32f0xx_hal_dma.o ABSOLUTE
    ..\Drivers\STM32F0xx_HAL_Driver\Src\stm32f0xx_hal_flash.c 0x00000000   Number         0  stm32f0xx_hal_flash.o ABSOLUTE
    ..\Drivers\STM32F0xx_HAL_Driver\Src\stm32f0xx_hal_flash_ex.c 0x00000000   Number         0  stm32f0xx_hal_flash_ex.o ABSOLUTE
    ..\Drivers\STM32F0xx_HAL_Driver\Src\stm32f0xx_hal_gpio.c 0x00000000   Number         0  stm32f0xx_hal_gpio.o ABSOLUTE
    ..\Drivers\STM32F0xx_HAL_Driver\Src\stm32f0xx_hal_i2c.c 0x00000000   Number         0  stm32f0xx_hal_i2c.o ABSOLUTE
    ..\Drivers\STM32F0xx_HAL_Driver\Src\stm32f0xx_hal_i2c_ex.c 0x00000000   Number         0  stm32f0xx_hal_i2c_ex.o ABSOLUTE
    ..\Drivers\STM32F0xx_HAL_Driver\Src\stm32f0xx_hal_pwr.c 0x00000000   Number         0  stm32f0xx_hal_pwr.o ABSOLUTE
    ..\Drivers\STM32F0xx_HAL_Driver\Src\stm32f0xx_hal_pwr_ex.c 0x00000000   Number         0  stm32f0xx_hal_pwr_ex.o ABSOLUTE
    ..\Drivers\STM32F0xx_HAL_Driver\Src\stm32f0xx_hal_rcc.c 0x00000000   Number         0  stm32f0xx_hal_rcc.o ABSOLUTE
    ..\Drivers\STM32F0xx_HAL_Driver\Src\stm32f0xx_hal_rcc_ex.c 0x00000000   Number         0  stm32f0xx_hal_rcc_ex.o ABSOLUTE
    ..\Drivers\STM32F0xx_HAL_Driver\Src\stm32f0xx_hal_tim.c 0x00000000   Number         0  stm32f0xx_hal_tim.o ABSOLUTE
    ..\Drivers\STM32F0xx_HAL_Driver\Src\stm32f0xx_hal_tim_ex.c 0x00000000   Number         0  stm32f0xx_hal_tim_ex.o ABSOLUTE
    ..\Src\adc.c                             0x00000000   Number         0  adc.o ABSOLUTE
    ..\Src\gpio.c                            0x00000000   Number         0  gpio.o ABSOLUTE
    ..\Src\main.c                            0x00000000   Number         0  main.o ABSOLUTE
    ..\Src\stm32f0xx_hal_msp.c               0x00000000   Number         0  stm32f0xx_hal_msp.o ABSOLUTE
    ..\Src\stm32f0xx_it.c                    0x00000000   Number         0  stm32f0xx_it.o ABSOLUTE
    ..\TOOL\PID.c                            0x00000000   Number         0  pid.o ABSOLUTE
    ..\TOOL\adc_filter.c                     0x00000000   Number         0  adc_filter.o ABSOLUTE
    ..\TOOL\flash.c                          0x00000000   Number         0  flash.o ABSOLUTE
    ..\TOOL\msg_task.c                       0x00000000   Number         0  msg_task.o ABSOLUTE
    ..\\BSP\\LED.c                           0x00000000   Number         0  led.o ABSOLUTE
    ..\\BSP\\button.c                        0x00000000   Number         0  button.o ABSOLUTE
    ..\\BSP\\hotter.c                        0x00000000   Number         0  hotter.o ABSOLUTE
    ..\\BSP\\tm1650.c                        0x00000000   Number         0  tm1650.o ABSOLUTE
    ..\\CANTOR\\HotterCtrl.c                 0x00000000   Number         0  hotterctrl.o ABSOLUTE
    ..\\TOOL\\PID.c                          0x00000000   Number         0  pid.o ABSOLUTE
    ..\\TOOL\\adc_filter.c                   0x00000000   Number         0  adc_filter.o ABSOLUTE
    ..\\TOOL\\flash.c                        0x00000000   Number         0  flash.o ABSOLUTE
    ..\\TOOL\\msg_task.c                     0x00000000   Number         0  msg_task.o ABSOLUTE
    cdcmple.s                                0x00000000   Number         0  cdcmple.o ABSOLUTE
    dc.s                                     0x00000000   Number         0  dc.o ABSOLUTE
    handlers.s                               0x00000000   Number         0  handlers.o ABSOLUTE
    init.s                                   0x00000000   Number         0  init.o ABSOLUTE
    startup_stm32f030x8.s                    0x00000000   Number         0  startup_stm32f030x8.o ABSOLUTE
    RESET                                    0x08000000   Section      180  startup_stm32f030x8.o(RESET)
    .ARM.Collect$$$$00000000                 0x080000b4   Section        0  entry.o(.ARM.Collect$$$$00000000)
    .ARM.Collect$$$$00000001                 0x080000b4   Section        4  entry2.o(.ARM.Collect$$$$00000001)
    .ARM.Collect$$$$00000004                 0x080000b8   Section        4  entry5.o(.ARM.Collect$$$$00000004)
    .ARM.Collect$$$$00000008                 0x080000bc   Section        0  entry7b.o(.ARM.Collect$$$$00000008)
    .ARM.Collect$$$$0000000A                 0x080000bc   Section        0  entry8b.o(.ARM.Collect$$$$0000000A)
    .ARM.Collect$$$$0000000B                 0x080000bc   Section        8  entry9a.o(.ARM.Collect$$$$0000000B)
    .ARM.Collect$$$$0000000D                 0x080000c4   Section        0  entry10a.o(.ARM.Collect$$$$0000000D)
    .ARM.Collect$$$$0000000F                 0x080000c4   Section        0  entry11a.o(.ARM.Collect$$$$0000000F)
    .ARM.Collect$$$$00002712                 0x080000c4   Section        4  entry2.o(.ARM.Collect$$$$00002712)
    __lit__00000000                          0x080000c4   Data           4  entry2.o(.ARM.Collect$$$$00002712)
    .text                                    0x080000c8   Section       28  startup_stm32f030x8.o(.text)
    .text                                    0x080000e4   Section        0  uidiv.o(.text)
    .text                                    0x08000110   Section        0  idiv.o(.text)
    .text                                    0x08000138   Section        0  llushr.o(.text)
    .text                                    0x0800015a   Section        0  memcpya.o(.text)
    .text                                    0x08000180   Section        0  dflti.o(.text)
    .text                                    0x080001a8   Section        0  dfixui.o(.text)
    .text                                    0x080001e4   Section        0  iusefp.o(.text)
    .text                                    0x080001e4   Section        0  depilogue.o(.text)
    .text                                    0x080002a4   Section       36  init.o(.text)
    .text                                    0x080002c8   Section        0  llshl.o(.text)
    i.BUTTON_scan                            0x080002e8   Section        0  button.o(i.BUTTON_scan)
    i.Button_down_init                       0x08000340   Section        0  button.o(i.Button_down_init)
    i.Button_set_ISR                         0x08000364   Section        0  button.o(i.Button_set_ISR)
    i.Button_set_init                        0x08000374   Section        0  button.o(i.Button_set_init)
    i.Button_up_init                         0x08000398   Section        0  button.o(i.Button_up_init)
    i.Error_Handler                          0x080003bc   Section        0  main.o(i.Error_Handler)
    i.FD650_START                            0x080003be   Section        0  tm1650.o(i.FD650_START)
    i.FD650_STOP                             0x080003ec   Section        0  tm1650.o(i.FD650_STOP)
    i.FD650_send                             0x08000410   Section        0  tm1650.o(i.FD650_send)
    i.FD650_write                            0x08000434   Section        0  tm1650.o(i.FD650_write)
    i.FLASH_MassErase                        0x08000490   Section        0  stm32f0xx_hal_flash_ex.o(i.FLASH_MassErase)
    FLASH_MassErase                          0x08000491   Thumb Code    26  stm32f0xx_hal_flash_ex.o(i.FLASH_MassErase)
    i.FLASH_PageErase                        0x080004b4   Section        0  stm32f0xx_hal_flash_ex.o(i.FLASH_PageErase)
    i.FLASH_Program_HalfWord                 0x080004d8   Section        0  stm32f0xx_hal_flash.o(i.FLASH_Program_HalfWord)
    FLASH_Program_HalfWord                   0x080004d9   Thumb Code    22  stm32f0xx_hal_flash.o(i.FLASH_Program_HalfWord)
    i.FLASH_SetErrorCode                     0x080004f8   Section        0  stm32f0xx_hal_flash.o(i.FLASH_SetErrorCode)
    FLASH_SetErrorCode                       0x080004f9   Thumb Code    46  stm32f0xx_hal_flash.o(i.FLASH_SetErrorCode)
    i.FLASH_WaitForLastOperation             0x08000530   Section        0  stm32f0xx_hal_flash.o(i.FLASH_WaitForLastOperation)
    i.FlshPara_Init                          0x08000580   Section        0  flash.o(i.FlshPara_Init)
    i.HAL_ADC_ConfigChannel                  0x08000630   Section        0  stm32f0xx_hal_adc.o(i.HAL_ADC_ConfigChannel)
    i.HAL_ADC_Init                           0x08000740   Section        0  stm32f0xx_hal_adc.o(i.HAL_ADC_Init)
    i.HAL_ADC_MspInit                        0x080008b4   Section        0  adc.o(i.HAL_ADC_MspInit)
    i.HAL_Delay                              0x08000914   Section        0  stm32f0xx_hal.o(i.HAL_Delay)
    i.HAL_FLASHEx_Erase                      0x0800092c   Section        0  stm32f0xx_hal_flash_ex.o(i.HAL_FLASHEx_Erase)
    i.HAL_FLASH_Lock                         0x080009cc   Section        0  stm32f0xx_hal_flash.o(i.HAL_FLASH_Lock)
    i.HAL_FLASH_Program                      0x080009e0   Section        0  stm32f0xx_hal_flash.o(i.HAL_FLASH_Program)
    i.HAL_FLASH_Unlock                       0x08000a5c   Section        0  stm32f0xx_hal_flash.o(i.HAL_FLASH_Unlock)
    i.HAL_GPIO_Init                          0x08000a80   Section        0  stm32f0xx_hal_gpio.o(i.HAL_GPIO_Init)
    i.HAL_GPIO_ReadPin                       0x08000bc8   Section        0  stm32f0xx_hal_gpio.o(i.HAL_GPIO_ReadPin)
    i.HAL_GPIO_WritePin                      0x08000bd2   Section        0  stm32f0xx_hal_gpio.o(i.HAL_GPIO_WritePin)
    i.HAL_GetTick                            0x08000be0   Section        0  stm32f0xx_hal.o(i.HAL_GetTick)
    i.HAL_IncTick                            0x08000bec   Section        0  stm32f0xx_hal.o(i.HAL_IncTick)
    i.HAL_Init                               0x08000bfc   Section        0  stm32f0xx_hal.o(i.HAL_Init)
    i.HAL_InitTick                           0x08000c1c   Section        0  stm32f0xx_hal.o(i.HAL_InitTick)
    i.HAL_MspInit                            0x08000c40   Section        0  stm32f0xx_hal_msp.o(i.HAL_MspInit)
    i.HAL_NVIC_SetPriority                   0x08000c78   Section        0  stm32f0xx_hal_cortex.o(i.HAL_NVIC_SetPriority)
    i.HAL_RCC_ClockConfig                    0x08000c80   Section        0  stm32f0xx_hal_rcc.o(i.HAL_RCC_ClockConfig)
    i.HAL_RCC_GetHCLKFreq                    0x08000dac   Section        0  stm32f0xx_hal_rcc.o(i.HAL_RCC_GetHCLKFreq)
    i.HAL_RCC_GetSysClockFreq                0x08000db8   Section        0  stm32f0xx_hal_rcc.o(i.HAL_RCC_GetSysClockFreq)
    i.HAL_RCC_OscConfig                      0x08000e30   Section        0  stm32f0xx_hal_rcc.o(i.HAL_RCC_OscConfig)
    i.HAL_SYSTICK_CLKSourceConfig            0x08001184   Section        0  stm32f0xx_hal_cortex.o(i.HAL_SYSTICK_CLKSourceConfig)
    i.HAL_SYSTICK_Callback                   0x0800119c   Section        0  msg_task.o(i.HAL_SYSTICK_Callback)
    i.HAL_SYSTICK_Config                     0x080011dc   Section        0  stm32f0xx_hal_cortex.o(i.HAL_SYSTICK_Config)
    i.HAL_SYSTICK_IRQHandler                 0x0800120c   Section        0  stm32f0xx_hal_cortex.o(i.HAL_SYSTICK_IRQHandler)
    i.HardFault_Handler                      0x08001214   Section        0  stm32f0xx_it.o(i.HardFault_Handler)
    i.Hotter1321_init                        0x08001218   Section        0  hotter.o(i.Hotter1321_init)
    i.MX_ADC_Init                            0x08001278   Section        0  adc.o(i.MX_ADC_Init)
    i.MX_GPIO_Init                           0x0800130c   Section        0  gpio.o(i.MX_GPIO_Init)
    i.NMI_Handler                            0x080013dc   Section        0  stm32f0xx_it.o(i.NMI_Handler)
    i.NVIC_SetPriority                       0x080013e0   Section        0  stm32f0xx_hal_cortex.o(i.NVIC_SetPriority)
    NVIC_SetPriority                         0x080013e1   Thumb Code    60  stm32f0xx_hal_cortex.o(i.NVIC_SetPriority)
    i.PendSV_Handler                         0x08001424   Section        0  stm32f0xx_it.o(i.PendSV_Handler)
    i.SVC_Handler                            0x08001426   Section        0  stm32f0xx_it.o(i.SVC_Handler)
    i.SysTick_Handler                        0x08001428   Section        0  stm32f0xx_it.o(i.SysTick_Handler)
    i.SystemClock_Config                     0x08001434   Section        0  main.o(i.SystemClock_Config)
    i.SystemInit                             0x08001494   Section        0  system_stm32f0xx.o(i.SystemInit)
    i.TaskISR                                0x080014f0   Section        0  msg_task.o(i.TaskISR)
    i.TaskProcess                            0x08001530   Section        0  msg_task.o(i.TaskProcess)
    i.TaskSystickInit                        0x08001564   Section        0  msg_task.o(i.TaskSystickInit)
    i.Tm1650_2_init                          0x08001578   Section        0  tm1650.o(i.Tm1650_2_init)
    i.Tm1650_2_show_ISR                      0x080015ac   Section        0  tm1650.o(i.Tm1650_2_show_ISR)
    i.Tm1650_show_ISR                        0x080015bc   Section        0  tm1650.o(i.Tm1650_show_ISR)
    i.__ARM_clz                              0x08001718   Section        0  depilogue.o(i.__ARM_clz)
    i.__scatterload_copy                     0x08001746   Section       14  handlers.o(i.__scatterload_copy)
    i.__scatterload_null                     0x08001754   Section        2  handlers.o(i.__scatterload_null)
    i.__scatterload_zeroinit                 0x08001756   Section       14  handlers.o(i.__scatterload_zeroinit)
    i.main                                   0x08001764   Section        0  main.o(i.main)
    .constdata                               0x08001814   Section       16  system_stm32f0xx.o(.constdata)
    .constdata                               0x08001824   Section       14  tm1650.o(.constdata)
    .constdata                               0x08001832   Section        8  flash.o(.constdata)
    .data                                    0x20000000   Section        4  stm32f0xx_hal.o(.data)
    .data                                    0x20000004   Section        1  main.o(.data)
    dir                                      0x20000004   Data           1  main.o(.data)
    .data                                    0x20000008   Section        4  system_stm32f0xx.o(.data)
    .data                                    0x2000000c   Section        8  flash.o(.data)
    .data                                    0x20000014   Section      132  msg_task.o(.data)
    StaticFlag_1ms                           0x20000014   Data           1  msg_task.o(.data)
    StaticFlag_10ms                          0x20000015   Data           1  msg_task.o(.data)
    StaticFlag_100ms                         0x20000016   Data           1  msg_task.o(.data)
    .bss                                     0x20000098   Section       32  stm32f0xx_hal_flash.o(.bss)
    .bss                                     0x200000b8   Section       76  adc.o(.bss)
    .bss                                     0x20000104   Section       48  button.o(.bss)
    .bss                                     0x20000134   Section       48  hotter.o(.bss)
    .bss                                     0x20000164   Section       36  tm1650.o(.bss)
    .bss                                     0x20000188   Section       28  hotterctrl.o(.bss)
    STACK                                    0x200001a8   Section     1024  startup_stm32f030x8.o(STACK)

    Global Symbols

    Symbol Name                              Value     Ov Type        Size  Object(Section)

    BuildAttributes$$THM_ISAv3M$S$PE$A:L22$X:L11$S22$IEEE1$IW$USESV6$~STKCKD$USESV7$~SHL$OTIME$ROPI$EBA8$MICROLIB$REQ8$PRES8$EABIv2 0x00000000   Number         0  anon$$obj.o ABSOLUTE
    __ARM_use_no_argv                        0x00000000   Number         0  main.o ABSOLUTE
    __cpp_initialize__aeabi_                  - Undefined Weak Reference
    __cxa_finalize                            - Undefined Weak Reference
    __decompress                              - Undefined Weak Reference
    _clock_init                               - Undefined Weak Reference
    _microlib_exit                            - Undefined Weak Reference
    __Vectors_Size                           0x000000b4   Number         0  startup_stm32f030x8.o ABSOLUTE
    __Vectors                                0x08000000   Data           4  startup_stm32f030x8.o(RESET)
    __Vectors_End                            0x080000b4   Data           0  startup_stm32f030x8.o(RESET)
    __main                                   0x080000b5   Thumb Code     0  entry.o(.ARM.Collect$$$$00000000)
    _main_stk                                0x080000b5   Thumb Code     0  entry2.o(.ARM.Collect$$$$00000001)
    _main_scatterload                        0x080000b9   Thumb Code     0  entry5.o(.ARM.Collect$$$$00000004)
    __main_after_scatterload                 0x080000bd   Thumb Code     0  entry5.o(.ARM.Collect$$$$00000004)
    _main_clock                              0x080000bd   Thumb Code     0  entry7b.o(.ARM.Collect$$$$00000008)
    _main_cpp_init                           0x080000bd   Thumb Code     0  entry8b.o(.ARM.Collect$$$$0000000A)
    _main_init                               0x080000bd   Thumb Code     0  entry9a.o(.ARM.Collect$$$$0000000B)
    __rt_final_cpp                           0x080000c5   Thumb Code     0  entry10a.o(.ARM.Collect$$$$0000000D)
    __rt_final_exit                          0x080000c5   Thumb Code     0  entry11a.o(.ARM.Collect$$$$0000000F)
    Reset_Handler                            0x080000c9   Thumb Code     8  startup_stm32f030x8.o(.text)
    ADC1_IRQHandler                          0x080000db   Thumb Code     0  startup_stm32f030x8.o(.text)
    DMA1_Channel1_IRQHandler                 0x080000db   Thumb Code     0  startup_stm32f030x8.o(.text)
    DMA1_Channel2_3_IRQHandler               0x080000db   Thumb Code     0  startup_stm32f030x8.o(.text)
    DMA1_Channel4_5_IRQHandler               0x080000db   Thumb Code     0  startup_stm32f030x8.o(.text)
    EXTI0_1_IRQHandler                       0x080000db   Thumb Code     0  startup_stm32f030x8.o(.text)
    EXTI2_3_IRQHandler                       0x080000db   Thumb Code     0  startup_stm32f030x8.o(.text)
    EXTI4_15_IRQHandler                      0x080000db   Thumb Code     0  startup_stm32f030x8.o(.text)
    FLASH_IRQHandler                         0x080000db   Thumb Code     0  startup_stm32f030x8.o(.text)
    I2C1_IRQHandler                          0x080000db   Thumb Code     0  startup_stm32f030x8.o(.text)
    I2C2_IRQHandler                          0x080000db   Thumb Code     0  startup_stm32f030x8.o(.text)
    RCC_IRQHandler                           0x080000db   Thumb Code     0  startup_stm32f030x8.o(.text)
    RTC_IRQHandler                           0x080000db   Thumb Code     0  startup_stm32f030x8.o(.text)
    SPI1_IRQHandler                          0x080000db   Thumb Code     0  startup_stm32f030x8.o(.text)
    SPI2_IRQHandler                          0x080000db   Thumb Code     0  startup_stm32f030x8.o(.text)
    TIM14_IRQHandler                         0x080000db   Thumb Code     0  startup_stm32f030x8.o(.text)
    TIM15_IRQHandler                         0x080000db   Thumb Code     0  startup_stm32f030x8.o(.text)
    TIM16_IRQHandler                         0x080000db   Thumb Code     0  startup_stm32f030x8.o(.text)
    TIM17_IRQHandler                         0x080000db   Thumb Code     0  startup_stm32f030x8.o(.text)
    TIM1_BRK_UP_TRG_COM_IRQHandler           0x080000db   Thumb Code     0  startup_stm32f030x8.o(.text)
    TIM1_CC_IRQHandler                       0x080000db   Thumb Code     0  startup_stm32f030x8.o(.text)
    TIM3_IRQHandler                          0x080000db   Thumb Code     0  startup_stm32f030x8.o(.text)
    USART1_IRQHandler                        0x080000db   Thumb Code     0  startup_stm32f030x8.o(.text)
    USART2_IRQHandler                        0x080000db   Thumb Code     0  startup_stm32f030x8.o(.text)
    WWDG_IRQHandler                          0x080000db   Thumb Code     0  startup_stm32f030x8.o(.text)
    __aeabi_uidiv                            0x080000e5   Thumb Code     0  uidiv.o(.text)
    __aeabi_uidivmod                         0x080000e5   Thumb Code    44  uidiv.o(.text)
    __aeabi_idiv                             0x08000111   Thumb Code     0  idiv.o(.text)
    __aeabi_idivmod                          0x08000111   Thumb Code    40  idiv.o(.text)
    __aeabi_llsr                             0x08000139   Thumb Code    34  llushr.o(.text)
    _ll_ushift_r                             0x08000139   Thumb Code     0  llushr.o(.text)
    __aeabi_memcpy                           0x0800015b   Thumb Code    36  memcpya.o(.text)
    __aeabi_memcpy4                          0x0800015b   Thumb Code     0  memcpya.o(.text)
    __aeabi_memcpy8                          0x0800015b   Thumb Code     0  memcpya.o(.text)
    __aeabi_i2d                              0x08000181   Thumb Code    34  dflti.o(.text)
    __aeabi_d2uiz                            0x080001a9   Thumb Code    50  dfixui.o(.text)
    __I$use$fp                               0x080001e5   Thumb Code     0  iusefp.o(.text)
    _double_round                            0x080001e5   Thumb Code    26  depilogue.o(.text)
    _double_epilogue                         0x080001ff   Thumb Code   164  depilogue.o(.text)
    __scatterload                            0x080002a5   Thumb Code    28  init.o(.text)
    __scatterload_rt2                        0x080002a5   Thumb Code     0  init.o(.text)
    __aeabi_llsl                             0x080002c9   Thumb Code    32  llshl.o(.text)
    _ll_shift_l                              0x080002c9   Thumb Code     0  llshl.o(.text)
    BUTTON_scan                              0x080002e9   Thumb Code    88  button.o(i.BUTTON_scan)
    Button_down_init                         0x08000341   Thumb Code    30  button.o(i.Button_down_init)
    Button_set_ISR                           0x08000365   Thumb Code    10  button.o(i.Button_set_ISR)
    Button_set_init                          0x08000375   Thumb Code    30  button.o(i.Button_set_init)
    Button_up_init                           0x08000399   Thumb Code    30  button.o(i.Button_up_init)
    Error_Handler                            0x080003bd   Thumb Code     2  main.o(i.Error_Handler)
    FD650_START                              0x080003bf   Thumb Code    46  tm1650.o(i.FD650_START)
    FD650_STOP                               0x080003ed   Thumb Code    36  tm1650.o(i.FD650_STOP)
    FD650_send                               0x08000411   Thumb Code    36  tm1650.o(i.FD650_send)
    FD650_write                              0x08000435   Thumb Code    90  tm1650.o(i.FD650_write)
    FLASH_PageErase                          0x080004b5   Thumb Code    28  stm32f0xx_hal_flash_ex.o(i.FLASH_PageErase)
    FLASH_WaitForLastOperation               0x08000531   Thumb Code    76  stm32f0xx_hal_flash.o(i.FLASH_WaitForLastOperation)
    FlshPara_Init                            0x08000581   Thumb Code   154  flash.o(i.FlshPara_Init)
    HAL_ADC_ConfigChannel                    0x08000631   Thumb Code   254  stm32f0xx_hal_adc.o(i.HAL_ADC_ConfigChannel)
    HAL_ADC_Init                             0x08000741   Thumb Code   362  stm32f0xx_hal_adc.o(i.HAL_ADC_Init)
    HAL_ADC_MspInit                          0x080008b5   Thumb Code    80  adc.o(i.HAL_ADC_MspInit)
    HAL_Delay                                0x08000915   Thumb Code    22  stm32f0xx_hal.o(i.HAL_Delay)
    HAL_FLASHEx_Erase                        0x0800092d   Thumb Code   148  stm32f0xx_hal_flash_ex.o(i.HAL_FLASHEx_Erase)
    HAL_FLASH_Lock                           0x080009cd   Thumb Code    14  stm32f0xx_hal_flash.o(i.HAL_FLASH_Lock)
    HAL_FLASH_Program                        0x080009e1   Thumb Code   110  stm32f0xx_hal_flash.o(i.HAL_FLASH_Program)
    HAL_FLASH_Unlock                         0x08000a5d   Thumb Code    24  stm32f0xx_hal_flash.o(i.HAL_FLASH_Unlock)
    HAL_GPIO_Init                            0x08000a81   Thumb Code   302  stm32f0xx_hal_gpio.o(i.HAL_GPIO_Init)
    HAL_GPIO_ReadPin                         0x08000bc9   Thumb Code    10  stm32f0xx_hal_gpio.o(i.HAL_GPIO_ReadPin)
    HAL_GPIO_WritePin                        0x08000bd3   Thumb Code    12  stm32f0xx_hal_gpio.o(i.HAL_GPIO_WritePin)
    HAL_GetTick                              0x08000be1   Thumb Code     6  stm32f0xx_hal.o(i.HAL_GetTick)
    HAL_IncTick                              0x08000bed   Thumb Code    10  stm32f0xx_hal.o(i.HAL_IncTick)
    HAL_Init                                 0x08000bfd   Thumb Code    26  stm32f0xx_hal.o(i.HAL_Init)
    HAL_InitTick                             0x08000c1d   Thumb Code    34  stm32f0xx_hal.o(i.HAL_InitTick)
    HAL_MspInit                              0x08000c41   Thumb Code    50  stm32f0xx_hal_msp.o(i.HAL_MspInit)
    HAL_NVIC_SetPriority                     0x08000c79   Thumb Code     8  stm32f0xx_hal_cortex.o(i.HAL_NVIC_SetPriority)
    HAL_RCC_ClockConfig                      0x08000c81   Thumb Code   280  stm32f0xx_hal_rcc.o(i.HAL_RCC_ClockConfig)
    HAL_RCC_GetHCLKFreq                      0x08000dad   Thumb Code     6  stm32f0xx_hal_rcc.o(i.HAL_RCC_GetHCLKFreq)
    HAL_RCC_GetSysClockFreq                  0x08000db9   Thumb Code    76  stm32f0xx_hal_rcc.o(i.HAL_RCC_GetSysClockFreq)
    HAL_RCC_OscConfig                        0x08000e31   Thumb Code   840  stm32f0xx_hal_rcc.o(i.HAL_RCC_OscConfig)
    HAL_SYSTICK_CLKSourceConfig              0x08001185   Thumb Code    20  stm32f0xx_hal_cortex.o(i.HAL_SYSTICK_CLKSourceConfig)
    HAL_SYSTICK_Callback                     0x0800119d   Thumb Code    58  msg_task.o(i.HAL_SYSTICK_Callback)
    HAL_SYSTICK_Config                       0x080011dd   Thumb Code    38  stm32f0xx_hal_cortex.o(i.HAL_SYSTICK_Config)
    HAL_SYSTICK_IRQHandler                   0x0800120d   Thumb Code     8  stm32f0xx_hal_cortex.o(i.HAL_SYSTICK_IRQHandler)
    HardFault_Handler                        0x08001215   Thumb Code     2  stm32f0xx_it.o(i.HardFault_Handler)
    Hotter1321_init                          0x08001219   Thumb Code    80  hotter.o(i.Hotter1321_init)
    MX_ADC_Init                              0x08001279   Thumb Code   140  adc.o(i.MX_ADC_Init)
    MX_GPIO_Init                             0x0800130d   Thumb Code   192  gpio.o(i.MX_GPIO_Init)
    NMI_Handler                              0x080013dd   Thumb Code     2  stm32f0xx_it.o(i.NMI_Handler)
    PendSV_Handler                           0x08001425   Thumb Code     2  stm32f0xx_it.o(i.PendSV_Handler)
    SVC_Handler                              0x08001427   Thumb Code     2  stm32f0xx_it.o(i.SVC_Handler)
    SysTick_Handler                          0x08001429   Thumb Code    12  stm32f0xx_it.o(i.SysTick_Handler)
    SystemClock_Config                       0x08001435   Thumb Code    96  main.o(i.SystemClock_Config)
    SystemInit                               0x08001495   Thumb Code    78  system_stm32f0xx.o(i.SystemInit)
    TaskISR                                  0x080014f1   Thumb Code    64  msg_task.o(i.TaskISR)
    TaskProcess                              0x08001531   Thumb Code    52  msg_task.o(i.TaskProcess)
    TaskSystickInit                          0x08001565   Thumb Code    14  msg_task.o(i.TaskSystickInit)
    Tm1650_2_init                            0x08001579   Thumb Code    44  tm1650.o(i.Tm1650_2_init)
    Tm1650_2_show_ISR                        0x080015ad   Thumb Code    10  tm1650.o(i.Tm1650_2_show_ISR)
    Tm1650_show_ISR                          0x080015bd   Thumb Code   344  tm1650.o(i.Tm1650_show_ISR)
    __ARM_clz                                0x08001719   Thumb Code    46  depilogue.o(i.__ARM_clz)
    __scatterload_copy                       0x08001747   Thumb Code    14  handlers.o(i.__scatterload_copy)
    __scatterload_null                       0x08001755   Thumb Code     2  handlers.o(i.__scatterload_null)
    __scatterload_zeroinit                   0x08001757   Thumb Code    14  handlers.o(i.__scatterload_zeroinit)
    main                                     0x08001765   Thumb Code   156  main.o(i.main)
    AHBPrescTable                            0x08001814   Data          16  system_stm32f0xx.o(.constdata)
    CODE_Clean                               0x08001824   Data           4  tm1650.o(.constdata)
    CODE00                                   0x08001828   Data          10  tm1650.o(.constdata)
    hotter_flash_default                     0x08001832   Data           8  flash.o(.constdata)
    Region$$Table$$Base                      0x0800183c   Number         0  anon$$obj.o(Region$$Table)
    Region$$Table$$Limit                     0x0800185c   Number         0  anon$$obj.o(Region$$Table)
    uwTick                                   0x20000000   Data           4  stm32f0xx_hal.o(.data)
    SystemCoreClock                          0x20000008   Data           4  system_stm32f0xx.o(.data)
    hotter_flash                             0x2000000c   Data           8  flash.o(.data)
    task_systick                             0x20000018   Data           8  msg_task.o(.data)
    msg_systick                              0x20000020   Data         120  msg_task.o(.data)
    pFlash                                   0x20000098   Data          32  stm32f0xx_hal_flash.o(.bss)
    hadc                                     0x200000b8   Data          76  adc.o(.bss)
    button_set                               0x20000104   Data          16  button.o(.bss)
    button_up                                0x20000114   Data          16  button.o(.bss)
    button_down                              0x20000124   Data          16  button.o(.bss)
    hotter1321                               0x20000134   Data          48  hotter.o(.bss)
    tm1650_2                                 0x20000164   Data          36  tm1650.o(.bss)
    solder1321                               0x20000188   Data          28  hotterctrl.o(.bss)
    __initial_sp                             0x200005a8   Data           0  startup_stm32f030x8.o(STACK)



==============================================================================

Memory Map of the image

  Image Entry point : 0x080000b5

  Load Region LR_IROM1 (Base: 0x08000000, Size: 0x000018f4, Max: 0x00010000, ABSOLUTE)

    Execution Region ER_IROM1 (Base: 0x08000000, Size: 0x0000185c, Max: 0x00010000, ABSOLUTE)

    Base Addr    Size         Type   Attr      Idx    E Section Name        Object

    0x08000000   0x000000b4   Data   RO         1738    RESET               startup_stm32f030x8.o
    0x080000b4   0x00000000   Code   RO         2418  * .ARM.Collect$$$$00000000  mc_p.l(entry.o)
    0x080000b4   0x00000004   Code   RO         2449    .ARM.Collect$$$$00000001  mc_p.l(entry2.o)
    0x080000b8   0x00000004   Code   RO         2452    .ARM.Collect$$$$00000004  mc_p.l(entry5.o)
    0x080000bc   0x00000000   Code   RO         2454    .ARM.Collect$$$$00000008  mc_p.l(entry7b.o)
    0x080000bc   0x00000000   Code   RO         2456    .ARM.Collect$$$$0000000A  mc_p.l(entry8b.o)
    0x080000bc   0x00000008   Code   RO         2457    .ARM.Collect$$$$0000000B  mc_p.l(entry9a.o)
    0x080000c4   0x00000000   Code   RO         2459    .ARM.Collect$$$$0000000D  mc_p.l(entry10a.o)
    0x080000c4   0x00000000   Code   RO         2461    .ARM.Collect$$$$0000000F  mc_p.l(entry11a.o)
    0x080000c4   0x00000004   Code   RO         2450    .ARM.Collect$$$$00002712  mc_p.l(entry2.o)
    0x080000c8   0x0000001c   Code   RO         1739    .text               startup_stm32f030x8.o
    0x080000e4   0x0000002c   Code   RO         2421    .text               mc_p.l(uidiv.o)
    0x08000110   0x00000028   Code   RO         2423    .text               mc_p.l(idiv.o)
    0x08000138   0x00000022   Code   RO         2425    .text               mc_p.l(llushr.o)
    0x0800015a   0x00000024   Code   RO         2427    .text               mc_p.l(memcpya.o)
    0x0800017e   0x00000002   PAD
    0x08000180   0x00000028   Code   RO         2441    .text               mf_p.l(dflti.o)
    0x080001a8   0x0000003c   Code   RO         2445    .text               mf_p.l(dfixui.o)
    0x080001e4   0x00000000   Code   RO         2463    .text               mc_p.l(iusefp.o)
    0x080001e4   0x000000be   Code   RO         2466    .text               mf_p.l(depilogue.o)
    0x080002a2   0x00000002   PAD
    0x080002a4   0x00000024   Code   RO         2470    .text               mc_p.l(init.o)
    0x080002c8   0x00000020   Code   RO         2472    .text               mc_p.l(llshl.o)
    0x080002e8   0x00000058   Code   RO         1779    i.BUTTON_scan       button.o
    0x08000340   0x00000024   Code   RO         1781    i.Button_down_init  button.o
    0x08000364   0x00000010   Code   RO         1782    i.Button_set_ISR    button.o
    0x08000374   0x00000024   Code   RO         1783    i.Button_set_init   button.o
    0x08000398   0x00000024   Code   RO         1785    i.Button_up_init    button.o
    0x080003bc   0x00000002   Code   RO         1539    i.Error_Handler     main.o
    0x080003be   0x0000002e   Code   RO         1903    i.FD650_START       tm1650.o
    0x080003ec   0x00000024   Code   RO         1904    i.FD650_STOP        tm1650.o
    0x08000410   0x00000024   Code   RO         1905    i.FD650_send        tm1650.o
    0x08000434   0x0000005a   Code   RO         1906    i.FD650_write       tm1650.o
    0x0800048e   0x00000002   PAD
    0x08000490   0x00000024   Code   RO         1458    i.FLASH_MassErase   stm32f0xx_hal_flash_ex.o
    0x080004b4   0x00000024   Code   RO         1463    i.FLASH_PageErase   stm32f0xx_hal_flash_ex.o
    0x080004d8   0x00000020   Code   RO          228    i.FLASH_Program_HalfWord  stm32f0xx_hal_flash.o
    0x080004f8   0x00000038   Code   RO          229    i.FLASH_SetErrorCode  stm32f0xx_hal_flash.o
    0x08000530   0x00000050   Code   RO          230    i.FLASH_WaitForLastOperation  stm32f0xx_hal_flash.o
    0x08000580   0x000000b0   Code   RO         2252    i.FlshPara_Init     flash.o
    0x08000630   0x00000110   Code   RO          334    i.HAL_ADC_ConfigChannel  stm32f0xx_hal_adc.o
    0x08000740   0x00000174   Code   RO          343    i.HAL_ADC_Init      stm32f0xx_hal_adc.o
    0x080008b4   0x00000060   Code   RO         1701    i.HAL_ADC_MspInit   adc.o
    0x08000914   0x00000016   Code   RO            8    i.HAL_Delay         stm32f0xx_hal.o
    0x0800092a   0x00000002   PAD
    0x0800092c   0x000000a0   Code   RO         1464    i.HAL_FLASHEx_Erase  stm32f0xx_hal_flash_ex.o
    0x080009cc   0x00000014   Code   RO          234    i.HAL_FLASH_Lock    stm32f0xx_hal_flash.o
    0x080009e0   0x0000007c   Code   RO          239    i.HAL_FLASH_Program  stm32f0xx_hal_flash.o
    0x08000a5c   0x00000024   Code   RO          241    i.HAL_FLASH_Unlock  stm32f0xx_hal_flash.o
    0x08000a80   0x00000148   Code   RO          526    i.HAL_GPIO_Init     stm32f0xx_hal_gpio.o
    0x08000bc8   0x0000000a   Code   RO          528    i.HAL_GPIO_ReadPin  stm32f0xx_hal_gpio.o
    0x08000bd2   0x0000000c   Code   RO          530    i.HAL_GPIO_WritePin  stm32f0xx_hal_gpio.o
    0x08000bde   0x00000002   PAD
    0x08000be0   0x0000000c   Code   RO           12    i.HAL_GetTick       stm32f0xx_hal.o
    0x08000bec   0x00000010   Code   RO           13    i.HAL_IncTick       stm32f0xx_hal.o
    0x08000bfc   0x00000020   Code   RO           14    i.HAL_Init          stm32f0xx_hal.o
    0x08000c1c   0x00000022   Code   RO           15    i.HAL_InitTick      stm32f0xx_hal.o
    0x08000c3e   0x00000002   PAD
    0x08000c40   0x00000038   Code   RO         1660    i.HAL_MspInit       stm32f0xx_hal_msp.o
    0x08000c78   0x00000008   Code   RO         1015    i.HAL_NVIC_SetPriority  stm32f0xx_hal_cortex.o
    0x08000c80   0x0000012c   Code   RO         1132    i.HAL_RCC_ClockConfig  stm32f0xx_hal_rcc.o
    0x08000dac   0x0000000c   Code   RO         1137    i.HAL_RCC_GetHCLKFreq  stm32f0xx_hal_rcc.o
    0x08000db8   0x00000078   Code   RO         1140    i.HAL_RCC_GetSysClockFreq  stm32f0xx_hal_rcc.o
    0x08000e30   0x00000354   Code   RO         1143    i.HAL_RCC_OscConfig  stm32f0xx_hal_rcc.o
    0x08001184   0x00000018   Code   RO         1017    i.HAL_SYSTICK_CLKSourceConfig  stm32f0xx_hal_cortex.o
    0x0800119c   0x00000040   Code   RO         2300    i.HAL_SYSTICK_Callback  msg_task.o
    0x080011dc   0x00000030   Code   RO         1019    i.HAL_SYSTICK_Config  stm32f0xx_hal_cortex.o
    0x0800120c   0x00000008   Code   RO         1020    i.HAL_SYSTICK_IRQHandler  stm32f0xx_hal_cortex.o
    0x08001214   0x00000002   Code   RO         1613    i.HardFault_Handler  stm32f0xx_it.o
    0x08001216   0x00000002   PAD
    0x08001218   0x00000060   Code   RO         1843    i.Hotter1321_init   hotter.o
    0x08001278   0x00000094   Code   RO         1702    i.MX_ADC_Init       adc.o
    0x0800130c   0x000000d0   Code   RO         1680    i.MX_GPIO_Init      gpio.o
    0x080013dc   0x00000002   Code   RO         1614    i.NMI_Handler       stm32f0xx_it.o
    0x080013de   0x00000002   PAD
    0x080013e0   0x00000044   Code   RO         1021    i.NVIC_SetPriority  stm32f0xx_hal_cortex.o
    0x08001424   0x00000002   Code   RO         1615    i.PendSV_Handler    stm32f0xx_it.o
    0x08001426   0x00000002   Code   RO         1616    i.SVC_Handler       stm32f0xx_it.o
    0x08001428   0x0000000c   Code   RO         1617    i.SysTick_Handler   stm32f0xx_it.o
    0x08001434   0x00000060   Code   RO         1540    i.SystemClock_Config  main.o
    0x08001494   0x0000005c   Code   RO         1746    i.SystemInit        system_stm32f0xx.o
    0x080014f0   0x00000040   Code   RO         2302    i.TaskISR           msg_task.o
    0x08001530   0x00000034   Code   RO         2303    i.TaskProcess       msg_task.o
    0x08001564   0x00000014   Code   RO         2304    i.TaskSystickInit   msg_task.o
    0x08001578   0x00000034   Code   RO         1907    i.Tm1650_2_init     tm1650.o
    0x080015ac   0x00000010   Code   RO         1908    i.Tm1650_2_show_ISR  tm1650.o
    0x080015bc   0x0000015c   Code   RO         1909    i.Tm1650_show_ISR   tm1650.o
    0x08001718   0x0000002e   Code   RO         2468    i.__ARM_clz         mf_p.l(depilogue.o)
    0x08001746   0x0000000e   Code   RO         2476    i.__scatterload_copy  mc_p.l(handlers.o)
    0x08001754   0x00000002   Code   RO         2477    i.__scatterload_null  mc_p.l(handlers.o)
    0x08001756   0x0000000e   Code   RO         2478    i.__scatterload_zeroinit  mc_p.l(handlers.o)
    0x08001764   0x000000b0   Code   RO         1541    i.main              main.o
    0x08001814   0x00000010   Data   RO         1747    .constdata          system_stm32f0xx.o
    0x08001824   0x0000000e   Data   RO         1911    .constdata          tm1650.o
    0x08001832   0x00000008   Data   RO         2255    .constdata          flash.o
    0x0800183a   0x00000002   PAD
    0x0800183c   0x00000020   Data   RO         2474    Region$$Table       anon$$obj.o


    Execution Region RW_IRAM1 (Base: 0x20000000, Size: 0x000005a8, Max: 0x00002000, ABSOLUTE)

    Base Addr    Size         Type   Attr      Idx    E Section Name        Object

    0x20000000   0x00000004   Data   RW           20    .data               stm32f0xx_hal.o
    0x20000004   0x00000001   Data   RW         1542    .data               main.o
    0x20000005   0x00000003   PAD
    0x20000008   0x00000004   Data   RW         1749    .data               system_stm32f0xx.o
    0x2000000c   0x00000008   Data   RW         2256    .data               flash.o
    0x20000014   0x00000084   Data   RW         2305    .data               msg_task.o
    0x20000098   0x00000020   Zero   RW          242    .bss                stm32f0xx_hal_flash.o
    0x200000b8   0x0000004c   Zero   RW         1703    .bss                adc.o
    0x20000104   0x00000030   Zero   RW         1786    .bss                button.o
    0x20000134   0x00000030   Zero   RW         1846    .bss                hotter.o
    0x20000164   0x00000024   Zero   RW         1910    .bss                tm1650.o
    0x20000188   0x0000001c   Zero   RW         2029    .bss                hotterctrl.o
    0x200001a4   0x00000004   PAD
    0x200001a8   0x00000400   Zero   RW         1736    STACK               startup_stm32f030x8.o


==============================================================================

Image component sizes


      Code (inc. data)   RO Data    RW Data    ZI Data      Debug   Object Name

       244         24          0          0         76       1615   adc.o
       212         24          0          0         48       3340   button.o
       176         22          8          8          0       2008   flash.o
       208         16          0          0          0        923   gpio.o
        96         16          0          0         48       1637   hotter.o
         0          0          0          0         28       4439   hotterctrl.o
       274         20          0          1          0       2116   main.o
       200         12          0        132          0       3884   msg_task.o
        28          8        180          0       1024        584   startup_stm32f030x8.o
       116         18          0          4          0     233827   stm32f0xx_hal.o
       644         28          0          0          0       2615   stm32f0xx_hal_adc.o
       156         22          0          0          0       9375   stm32f0xx_hal_cortex.o
       348         56          0          0         32       4678   stm32f0xx_hal_flash.o
       232         30          0          0          0       3093   stm32f0xx_hal_flash_ex.o
       350         26          0          0          0       2915   stm32f0xx_hal_gpio.o
        56          6          0          0          0        802   stm32f0xx_hal_msp.o
      1284         82          0          0          0       4422   stm32f0xx_hal_rcc.o
        20          0          0          0          0       2063   stm32f0xx_it.o
        92         14         16          4          0       1355   system_stm32f0xx.o
       624         18         14          0         36       5843   tm1650.o

    ----------------------------------------------------------------------
      5372        442        252        152       1296     291534   Object Totals
         0          0         32          0          0          0   (incl. Generated)
        12          0          2          3          4          0   (incl. Padding)

    ----------------------------------------------------------------------

      Code (inc. data)   RO Data    RW Data    ZI Data      Debug   Library Member Name

         0          0          0          0          0          0   entry.o
         0          0          0          0          0          0   entry10a.o
         0          0          0          0          0          0   entry11a.o
         8          4          0          0          0          0   entry2.o
         4          0          0          0          0          0   entry5.o
         0          0          0          0          0          0   entry7b.o
         0          0          0          0          0          0   entry8b.o
         8          4          0          0          0          0   entry9a.o
        30          0          0          0          0          0   handlers.o
        40          0          0          0          0         72   idiv.o
        36          8          0          0          0         68   init.o
         0          0          0          0          0          0   iusefp.o
        32          0          0          0          0         68   llshl.o
        34          0          0          0          0         68   llushr.o
        36          0          0          0          0         60   memcpya.o
        44          0          0          0          0         72   uidiv.o
       236          0          0          0          0        216   depilogue.o
        60         10          0          0          0         68   dfixui.o
        40          6          0          0          0         68   dflti.o

    ----------------------------------------------------------------------
       612         32          0          0          0        760   Library Totals
         4          0          0          0          0          0   (incl. Padding)

    ----------------------------------------------------------------------

      Code (inc. data)   RO Data    RW Data    ZI Data      Debug   Library Name

       272         16          0          0          0        408   mc_p.l
       336         16          0          0          0        352   mf_p.l

    ----------------------------------------------------------------------
       612         32          0          0          0        760   Library Totals

    ----------------------------------------------------------------------

==============================================================================


      Code (inc. data)   RO Data    RW Data    ZI Data      Debug   

      5984        474        252        152       1296     289674   Grand Totals
      5984        474        252        152       1296     289674   ELF Image Totals
      5984        474        252        152          0          0   ROM Totals

==============================================================================

    Total RO  Size (Code + RO Data)                 6236 (   6.09kB)
    Total RW  Size (RW Data + ZI Data)              1448 (   1.41kB)
    Total ROM Size (Code + RO Data + RW Data)       6388 (   6.24kB)

==============================================================================

